[0.005s] Invoking command in '/home/mcav/ros2_ws/src/SD-VehicleInterface/build/sd_msgs': /usr/bin/cmake /home/mcav/ros2_ws/src/SD-VehicleInterface/sd_msgs -DAMENT_CMAKE_SYMLINK_INSTALL=1 -DCMAKE_INSTALL_PREFIX=/home/mcav/ros2_ws/src/SD-VehicleInterface/install/sd_msgs
[0.041s] -- The C compiler identification is GNU 11.4.0
[0.075s] -- The CXX compiler identification is GNU 11.4.0
[0.079s] -- Detecting C compiler ABI info
[0.110s] -- Detecting C compiler ABI info - done
[0.114s] -- Check for working C compiler: /usr/bin/cc - skipped
[0.114s] -- Detecting C compile features
[0.114s] -- Detecting C compile features - done
[0.116s] -- Detecting CXX compiler ABI info
[0.149s] -- Detecting CXX compiler ABI info - done
[0.153s] -- Check for working CXX compiler: /usr/bin/c++ - skipped
[0.153s] -- Detecting CXX compile features
[0.153s] -- Detecting CXX compile features - done
[0.155s] [31mCMake Error at CMakeLists.txt:10 (find_package):
[0.155s]   By not providing "Findament_cmake.cmake" in CMAKE_MODULE_PATH this project
[0.155s]   has asked CMake to find a package configuration file provided by
[0.155s]   "ament_cmake", but CMake did not find one.
[0.155s] 
[0.155s]   Could not find a package configuration file provided by "ament_cmake" with
[0.155s]   any of the following names:
[0.155s] 
[0.155s]     ament_cmakeConfig.cmake
[0.155s]     ament_cmake-config.cmake
[0.155s] 
[0.155s]   Add the installation prefix of "ament_cmake" to CMAKE_PREFIX_PATH or set
[0.155s]   "ament_cmake_DIR" to a directory containing one of the above files.  If
[0.155s]   "ament_cmake" provides a separate development package or SDK, be sure it
[0.156s]   has been installed.
[0.156s] 
[0.156s] [0m
[0.156s] -- Configuring incomplete, errors occurred!
[0.156s] See also "/home/mcav/ros2_ws/src/SD-VehicleInterface/build/sd_msgs/CMakeFiles/CMakeOutput.log".
[0.157s] Invoked command in '/home/mcav/ros2_ws/src/SD-VehicleInterface/build/sd_msgs' returned '1': /usr/bin/cmake /home/mcav/ros2_ws/src/SD-VehicleInterface/sd_msgs -DAMENT_CMAKE_SYMLINK_INSTALL=1 -DCMAKE_INSTALL_PREFIX=/home/mcav/ros2_ws/src/SD-VehicleInterface/install/sd_msgs
