[0.000000] (-) TimerEvent: {}
[0.000117] (sd_msgs) JobQueued: {'identifier': 'sd_msgs', 'dependencies': OrderedDict()}
[0.000141] (sd_vehicle_interface) JobQueued: {'identifier': 'sd_vehicle_interface', 'dependencies': OrderedDict([('sd_msgs', '/home/mcav/ros2_ws/src/SD-VehicleInterface/install/sd_msgs')])}
[0.000155] (sd_msgs) JobStarted: {'identifier': 'sd_msgs'}
[0.002791] (sd_msgs) JobProgress: {'identifier': 'sd_msgs', 'progress': 'cmake'}
[0.003495] (sd_msgs) Command: {'cmd': ['/usr/bin/cmake', '/home/mcav/ros2_ws/src/SD-VehicleInterface/sd_msgs', '-DAMENT_CMAKE_SYMLINK_INSTALL=1', '-DCMAKE_INSTALL_PREFIX=/home/mcav/ros2_ws/src/SD-VehicleInterface/install/sd_msgs'], 'cwd': '/home/mcav/ros2_ws/src/SD-VehicleInterface/build/sd_msgs', 'env': OrderedDict([('HOSTNAME', 'a6d8055bf796'), ('GIT_ASKPASS', '/home/mcav/.vscode-server/bin/7adae6a56e34cb64d08899664b814cf620465925/extensions/git/dist/askpass.sh'), ('BROWSER', '/home/mcav/.vscode-server/bin/7adae6a56e34cb64d08899664b814cf620465925/bin/helpers/browser.sh'), ('HOME', '/home/mcav'), ('TERM_PROGRAM_VERSION', '1.102.1'), ('VSCODE_IPC_HOOK_CLI', '/tmp/vscode-ipc-4eddd9f0-9bab-4b50-a64e-a793f090e9e4.sock'), ('VSCODE_GIT_ASKPASS_MAIN', '/home/mcav/.vscode-server/bin/7adae6a56e34cb64d08899664b814cf620465925/extensions/git/dist/askpass-main.js'), ('VSCODE_GIT_ASKPASS_NODE', '/home/mcav/.vscode-server/bin/7adae6a56e34cb64d08899664b814cf620465925/node'), ('REMOTE_CONTAINERS', 'true'), ('COLORTERM', 'truecolor'), ('ROS_DISTRO', 'humble'), ('REMOTE_CONTAINERS_IPC', '/tmp/vscode-remote-containers-ipc-06bbb657-44b7-47ce-b37e-75243e852ab6.sock'), ('WORKSPACE_DIR', '/home/mcav/ros2_ws'), ('TERM', 'xterm-256color'), ('PATH', '/home/mcav/.vscode-server/bin/7adae6a56e34cb64d08899664b814cf620465925/bin/remote-cli:/usr/local/sbin:/usr/local/bin:/usr/sbin:/usr/bin:/sbin:/bin'), ('REMOTE_CONTAINERS_SOCKETS', '["/tmp/vscode-ssh-auth-06bbb657-44b7-47ce-b37e-75243e852ab6.sock"]'), ('LANG', 'C.UTF-8'), ('TERM_PROGRAM', 'vscode'), ('VSCODE_GIT_IPC_HANDLE', '/tmp/vscode-git-830b89060f.sock'), ('SSH_AUTH_SOCK', '/tmp/vscode-ssh-auth-06bbb657-44b7-47ce-b37e-75243e852ab6.sock'), ('SHELL', '/bin/sh'), ('VSCODE_GIT_ASKPASS_EXTRA_ARGS', ''), ('LC_ALL', 'C.UTF-8'), ('PWD', '/home/mcav/ros2_ws/src/SD-VehicleInterface/build/sd_msgs'), ('COLCON', '1')]), 'shell': False}
[0.041196] (sd_msgs) StdoutLine: {'line': b'-- The C compiler identification is GNU 11.4.0\n'}
[0.074604] (sd_msgs) StdoutLine: {'line': b'-- The CXX compiler identification is GNU 11.4.0\n'}
[0.078620] (sd_msgs) StdoutLine: {'line': b'-- Detecting C compiler ABI info\n'}
[0.100167] (-) TimerEvent: {}
[0.109996] (sd_msgs) StdoutLine: {'line': b'-- Detecting C compiler ABI info - done\n'}
[0.113847] (sd_msgs) StdoutLine: {'line': b'-- Check for working C compiler: /usr/bin/cc - skipped\n'}
[0.114112] (sd_msgs) StdoutLine: {'line': b'-- Detecting C compile features\n'}
[0.114316] (sd_msgs) StdoutLine: {'line': b'-- Detecting C compile features - done\n'}
[0.115853] (sd_msgs) StdoutLine: {'line': b'-- Detecting CXX compiler ABI info\n'}
[0.148853] (sd_msgs) StdoutLine: {'line': b'-- Detecting CXX compiler ABI info - done\n'}
[0.152712] (sd_msgs) StdoutLine: {'line': b'-- Check for working CXX compiler: /usr/bin/c++ - skipped\n'}
[0.152879] (sd_msgs) StdoutLine: {'line': b'-- Detecting CXX compile features\n'}
[0.153172] (sd_msgs) StdoutLine: {'line': b'-- Detecting CXX compile features - done\n'}
[0.155248] (sd_msgs) StderrLine: {'line': b'\x1b[31mCMake Error at CMakeLists.txt:10 (find_package):\n'}
[0.155307] (sd_msgs) StderrLine: {'line': b'  By not providing "Findament_cmake.cmake" in CMAKE_MODULE_PATH this project\n'}
[0.155356] (sd_msgs) StderrLine: {'line': b'  has asked CMake to find a package configuration file provided by\n'}
[0.155415] (sd_msgs) StderrLine: {'line': b'  "ament_cmake", but CMake did not find one.\n'}
[0.155439] (sd_msgs) StderrLine: {'line': b'\n'}
[0.155463] (sd_msgs) StderrLine: {'line': b'  Could not find a package configuration file provided by "ament_cmake" with\n'}
[0.155486] (sd_msgs) StderrLine: {'line': b'  any of the following names:\n'}
[0.155510] (sd_msgs) StderrLine: {'line': b'\n'}
[0.155532] (sd_msgs) StderrLine: {'line': b'    ament_cmakeConfig.cmake\n'}
[0.155554] (sd_msgs) StderrLine: {'line': b'    ament_cmake-config.cmake\n'}
[0.155576] (sd_msgs) StderrLine: {'line': b'\n'}
[0.155597] (sd_msgs) StderrLine: {'line': b'  Add the installation prefix of "ament_cmake" to CMAKE_PREFIX_PATH or set\n'}
[0.155618] (sd_msgs) StderrLine: {'line': b'  "ament_cmake_DIR" to a directory containing one of the above files.  If\n'}
[0.155640] (sd_msgs) StderrLine: {'line': b'  "ament_cmake" provides a separate development package or SDK, be sure it\n'}
[0.155661] (sd_msgs) StderrLine: {'line': b'  has been installed.\n'}
[0.155683] (sd_msgs) StderrLine: {'line': b'\n'}
[0.155703] (sd_msgs) StderrLine: {'line': b'\x1b[0m\n'}
[0.155725] (sd_msgs) StdoutLine: {'line': b'-- Configuring incomplete, errors occurred!\n'}
[0.155749] (sd_msgs) StdoutLine: {'line': b'See also "/home/mcav/ros2_ws/src/SD-VehicleInterface/build/sd_msgs/CMakeFiles/CMakeOutput.log".\n'}
[0.157193] (sd_msgs) CommandEnded: {'returncode': 1}
[0.166063] (sd_msgs) JobEnded: {'identifier': 'sd_msgs', 'rc': 1}
[0.177427] (sd_vehicle_interface) JobSkipped: {'identifier': 'sd_vehicle_interface'}
[0.177455] (-) EventReactorShutdown: {}
