[0.054s] DEBUG:colcon:Command line arguments: ['/usr/bin/colcon', 'build', '--packages-up-to', 'sd_vehicle_interface', '--symlink-install']
[0.054s] DEBUG:colcon:Parsed command line arguments: Namespace(log_base=None, log_level=None, verb_name='build', build_base='build', install_base='install', merge_install=False, symlink_install=True, test_result_base=None, continue_on_error=False, executor='parallel', parallel_workers=8, event_handlers=None, ignore_user_meta=False, metas=['./colcon.meta'], base_paths=['.'], packages_ignore=None, packages_ignore_regex=None, paths=None, packages_up_to=['sd_vehicle_interface'], packages_up_to_regex=None, packages_above=None, packages_above_and_dependencies=None, packages_above_depth=None, packages_select_by_dep=None, packages_skip_by_dep=None, packages_skip_up_to=None, packages_select_build_failed=False, packages_skip_build_finished=False, packages_select_test_failures=False, packages_skip_test_passed=False, packages_select=None, packages_skip=None, packages_select_regex=None, packages_skip_regex=None, packages_start=None, packages_end=None, allow_overriding=[], cmake_args=None, cmake_target=None, cmake_target_skip_unavailable=False, cmake_clean_cache=False, cmake_clean_first=False, cmake_force_configure=False, ament_cmake_args=None, catkin_cmake_args=None, catkin_skip_building_tests=False, verb_parser=<colcon_defaults.argument_parser.defaults.DefaultArgumentsDecorator object at 0xffff866f1570>, verb_extension=<colcon_core.verb.build.BuildVerb object at 0xffff867de9e0>, main=<bound method BuildVerb.main of <colcon_core.verb.build.BuildVerb object at 0xffff867de9e0>>)
[0.091s] Level 1:colcon.colcon_core.package_discovery:discover_packages(colcon_meta) check parameters
[0.091s] Level 1:colcon.colcon_core.package_discovery:discover_packages(recursive) check parameters
[0.091s] Level 1:colcon.colcon_core.package_discovery:discover_packages(ignore) check parameters
[0.091s] Level 1:colcon.colcon_core.package_discovery:discover_packages(path) check parameters
[0.091s] Level 1:colcon.colcon_core.package_discovery:discover_packages(colcon_meta) discover
[0.091s] Level 1:colcon.colcon_core.package_discovery:discover_packages(recursive) discover
[0.091s] INFO:colcon.colcon_core.package_discovery:Crawling recursively for packages in '/home/mcav/ros2_ws/src/SD-VehicleInterface'
[0.092s] Level 1:colcon.colcon_core.package_identification:_identify(.) by extensions ['ignore', 'ignore_ament_install']
[0.092s] Level 1:colcon.colcon_core.package_identification:_identify(.) by extension 'ignore'
[0.092s] Level 1:colcon.colcon_core.package_identification:_identify(.) by extension 'ignore_ament_install'
[0.092s] Level 1:colcon.colcon_core.package_identification:_identify(.) by extensions ['colcon_pkg']
[0.092s] Level 1:colcon.colcon_core.package_identification:_identify(.) by extension 'colcon_pkg'
[0.092s] Level 1:colcon.colcon_core.package_identification:_identify(.) by extensions ['colcon_meta']
[0.092s] Level 1:colcon.colcon_core.package_identification:_identify(.) by extension 'colcon_meta'
[0.092s] Level 1:colcon.colcon_core.package_identification:_identify(.) by extensions ['ros']
[0.092s] Level 1:colcon.colcon_core.package_identification:_identify(.) by extension 'ros'
[0.099s] Level 1:colcon.colcon_core.package_identification:_identify(.) by extensions ['cmake', 'python']
[0.099s] Level 1:colcon.colcon_core.package_identification:_identify(.) by extension 'cmake'
[0.099s] Level 1:colcon.colcon_core.package_identification:_identify(.) by extension 'python'
[0.099s] Level 1:colcon.colcon_core.package_identification:_identify(.) by extensions ['python_setup_py']
[0.099s] Level 1:colcon.colcon_core.package_identification:_identify(.) by extension 'python_setup_py'
[0.099s] Level 1:colcon.colcon_core.package_identification:_identify(build) by extensions ['ignore', 'ignore_ament_install']
[0.099s] Level 1:colcon.colcon_core.package_identification:_identify(build) by extension 'ignore'
[0.099s] Level 1:colcon.colcon_core.package_identification:_identify(build) ignored
[0.100s] Level 1:colcon.colcon_core.package_identification:_identify(docker) by extensions ['ignore', 'ignore_ament_install']
[0.100s] Level 1:colcon.colcon_core.package_identification:_identify(docker) by extension 'ignore'
[0.100s] Level 1:colcon.colcon_core.package_identification:_identify(docker) by extension 'ignore_ament_install'
[0.100s] Level 1:colcon.colcon_core.package_identification:_identify(docker) by extensions ['colcon_pkg']
[0.100s] Level 1:colcon.colcon_core.package_identification:_identify(docker) by extension 'colcon_pkg'
[0.100s] Level 1:colcon.colcon_core.package_identification:_identify(docker) by extensions ['colcon_meta']
[0.100s] Level 1:colcon.colcon_core.package_identification:_identify(docker) by extension 'colcon_meta'
[0.100s] Level 1:colcon.colcon_core.package_identification:_identify(docker) by extensions ['ros']
[0.100s] Level 1:colcon.colcon_core.package_identification:_identify(docker) by extension 'ros'
[0.100s] Level 1:colcon.colcon_core.package_identification:_identify(docker) by extensions ['cmake', 'python']
[0.100s] Level 1:colcon.colcon_core.package_identification:_identify(docker) by extension 'cmake'
[0.100s] Level 1:colcon.colcon_core.package_identification:_identify(docker) by extension 'python'
[0.100s] Level 1:colcon.colcon_core.package_identification:_identify(docker) by extensions ['python_setup_py']
[0.100s] Level 1:colcon.colcon_core.package_identification:_identify(docker) by extension 'python_setup_py'
[0.100s] Level 1:colcon.colcon_core.package_identification:_identify(install) by extensions ['ignore', 'ignore_ament_install']
[0.100s] Level 1:colcon.colcon_core.package_identification:_identify(install) by extension 'ignore'
[0.100s] Level 1:colcon.colcon_core.package_identification:_identify(install) ignored
[0.100s] Level 1:colcon.colcon_core.package_identification:_identify(log) by extensions ['ignore', 'ignore_ament_install']
[0.100s] Level 1:colcon.colcon_core.package_identification:_identify(log) by extension 'ignore'
[0.100s] Level 1:colcon.colcon_core.package_identification:_identify(log) ignored
[0.100s] Level 1:colcon.colcon_core.package_identification:_identify(sd_msgs) by extensions ['ignore', 'ignore_ament_install']
[0.100s] Level 1:colcon.colcon_core.package_identification:_identify(sd_msgs) by extension 'ignore'
[0.100s] Level 1:colcon.colcon_core.package_identification:_identify(sd_msgs) by extension 'ignore_ament_install'
[0.100s] Level 1:colcon.colcon_core.package_identification:_identify(sd_msgs) by extensions ['colcon_pkg']
[0.100s] Level 1:colcon.colcon_core.package_identification:_identify(sd_msgs) by extension 'colcon_pkg'
[0.100s] Level 1:colcon.colcon_core.package_identification:_identify(sd_msgs) by extensions ['colcon_meta']
[0.100s] Level 1:colcon.colcon_core.package_identification:_identify(sd_msgs) by extension 'colcon_meta'
[0.100s] Level 1:colcon.colcon_core.package_identification:_identify(sd_msgs) by extensions ['ros']
[0.100s] Level 1:colcon.colcon_core.package_identification:_identify(sd_msgs) by extension 'ros'
[0.101s] DEBUG:colcon.colcon_core.package_identification:Package 'sd_msgs' with type 'ros.ament_cmake' and name 'sd_msgs'
[0.101s] Level 1:colcon.colcon_core.package_identification:_identify(vehicle_interface) by extensions ['ignore', 'ignore_ament_install']
[0.101s] Level 1:colcon.colcon_core.package_identification:_identify(vehicle_interface) by extension 'ignore'
[0.101s] Level 1:colcon.colcon_core.package_identification:_identify(vehicle_interface) by extension 'ignore_ament_install'
[0.102s] Level 1:colcon.colcon_core.package_identification:_identify(vehicle_interface) by extensions ['colcon_pkg']
[0.102s] Level 1:colcon.colcon_core.package_identification:_identify(vehicle_interface) by extension 'colcon_pkg'
[0.102s] Level 1:colcon.colcon_core.package_identification:_identify(vehicle_interface) by extensions ['colcon_meta']
[0.102s] Level 1:colcon.colcon_core.package_identification:_identify(vehicle_interface) by extension 'colcon_meta'
[0.102s] Level 1:colcon.colcon_core.package_identification:_identify(vehicle_interface) by extensions ['ros']
[0.102s] Level 1:colcon.colcon_core.package_identification:_identify(vehicle_interface) by extension 'ros'
[0.102s] DEBUG:colcon.colcon_core.package_identification:Package 'vehicle_interface' with type 'ros.ament_cmake' and name 'sd_vehicle_interface'
[0.102s] Level 1:colcon.colcon_core.package_discovery:discover_packages(recursive) using defaults
[0.102s] Level 1:colcon.colcon_core.package_discovery:discover_packages(ignore) discover
[0.102s] Level 1:colcon.colcon_core.package_discovery:discover_packages(ignore) using defaults
[0.102s] Level 1:colcon.colcon_core.package_discovery:discover_packages(path) discover
[0.102s] Level 1:colcon.colcon_core.package_discovery:discover_packages(path) using defaults
[0.111s] Level 1:colcon.colcon_core.package_discovery:discover_packages(prefix_path) check parameters
[0.111s] Level 1:colcon.colcon_core.package_discovery:discover_packages(prefix_path) discover
[0.112s] Level 1:colcon.colcon_core.package_discovery:discover_packages(prefix_path) using defaults
[0.112s] Level 5:colcon.colcon_core.verb:set package 'sd_msgs' build argument 'cmake_args' from command line to 'None'
[0.112s] Level 5:colcon.colcon_core.verb:set package 'sd_msgs' build argument 'cmake_target' from command line to 'None'
[0.112s] Level 5:colcon.colcon_core.verb:set package 'sd_msgs' build argument 'cmake_target_skip_unavailable' from command line to 'False'
[0.112s] Level 5:colcon.colcon_core.verb:set package 'sd_msgs' build argument 'cmake_clean_cache' from command line to 'False'
[0.112s] Level 5:colcon.colcon_core.verb:set package 'sd_msgs' build argument 'cmake_clean_first' from command line to 'False'
[0.112s] Level 5:colcon.colcon_core.verb:set package 'sd_msgs' build argument 'cmake_force_configure' from command line to 'False'
[0.112s] Level 5:colcon.colcon_core.verb:set package 'sd_msgs' build argument 'ament_cmake_args' from command line to 'None'
[0.112s] Level 5:colcon.colcon_core.verb:set package 'sd_msgs' build argument 'catkin_cmake_args' from command line to 'None'
[0.112s] Level 5:colcon.colcon_core.verb:set package 'sd_msgs' build argument 'catkin_skip_building_tests' from command line to 'False'
[0.112s] DEBUG:colcon.colcon_core.verb:Building package 'sd_msgs' with the following arguments: {'ament_cmake_args': None, 'build_base': '/home/mcav/ros2_ws/src/SD-VehicleInterface/build/sd_msgs', 'catkin_cmake_args': None, 'catkin_skip_building_tests': False, 'cmake_args': None, 'cmake_clean_cache': False, 'cmake_clean_first': False, 'cmake_force_configure': False, 'cmake_target': None, 'cmake_target_skip_unavailable': False, 'install_base': '/home/mcav/ros2_ws/src/SD-VehicleInterface/install/sd_msgs', 'merge_install': False, 'path': '/home/mcav/ros2_ws/src/SD-VehicleInterface/sd_msgs', 'symlink_install': True, 'test_result_base': None}
[0.113s] Level 5:colcon.colcon_core.verb:set package 'sd_vehicle_interface' build argument 'cmake_args' from command line to 'None'
[0.113s] Level 5:colcon.colcon_core.verb:set package 'sd_vehicle_interface' build argument 'cmake_target' from command line to 'None'
[0.113s] Level 5:colcon.colcon_core.verb:set package 'sd_vehicle_interface' build argument 'cmake_target_skip_unavailable' from command line to 'False'
[0.113s] Level 5:colcon.colcon_core.verb:set package 'sd_vehicle_interface' build argument 'cmake_clean_cache' from command line to 'False'
[0.113s] Level 5:colcon.colcon_core.verb:set package 'sd_vehicle_interface' build argument 'cmake_clean_first' from command line to 'False'
[0.113s] Level 5:colcon.colcon_core.verb:set package 'sd_vehicle_interface' build argument 'cmake_force_configure' from command line to 'False'
[0.113s] Level 5:colcon.colcon_core.verb:set package 'sd_vehicle_interface' build argument 'ament_cmake_args' from command line to 'None'
[0.113s] Level 5:colcon.colcon_core.verb:set package 'sd_vehicle_interface' build argument 'catkin_cmake_args' from command line to 'None'
[0.113s] Level 5:colcon.colcon_core.verb:set package 'sd_vehicle_interface' build argument 'catkin_skip_building_tests' from command line to 'False'
[0.113s] DEBUG:colcon.colcon_core.verb:Building package 'sd_vehicle_interface' with the following arguments: {'ament_cmake_args': None, 'build_base': '/home/mcav/ros2_ws/src/SD-VehicleInterface/build/sd_vehicle_interface', 'catkin_cmake_args': None, 'catkin_skip_building_tests': False, 'cmake_args': None, 'cmake_clean_cache': False, 'cmake_clean_first': False, 'cmake_force_configure': False, 'cmake_target': None, 'cmake_target_skip_unavailable': False, 'install_base': '/home/mcav/ros2_ws/src/SD-VehicleInterface/install/sd_vehicle_interface', 'merge_install': False, 'path': '/home/mcav/ros2_ws/src/SD-VehicleInterface/vehicle_interface', 'symlink_install': True, 'test_result_base': None}
[0.113s] INFO:colcon.colcon_core.executor:Executing jobs using 'parallel' executor
[0.114s] DEBUG:colcon.colcon_parallel_executor.executor.parallel:run_until_complete
[0.114s] INFO:colcon.colcon_ros.task.ament_cmake.build:Building ROS package in '/home/mcav/ros2_ws/src/SD-VehicleInterface/sd_msgs' with build type 'ament_cmake'
[0.114s] INFO:colcon.colcon_cmake.task.cmake.build:Building CMake package in '/home/mcav/ros2_ws/src/SD-VehicleInterface/sd_msgs'
[0.115s] INFO:colcon.colcon_core.plugin_system:Skipping extension 'colcon_core.shell.bat': Not used on non-Windows systems
[0.115s] INFO:colcon.colcon_core.shell:Skip shell extension 'powershell' for command environment: Not usable outside of PowerShell
[0.115s] DEBUG:colcon.colcon_core.shell:Skip shell extension 'dsv' for command environment
[0.119s] DEBUG:colcon.colcon_core.event_handler.log_command:Invoking command in '/home/mcav/ros2_ws/src/SD-VehicleInterface/build/sd_msgs': /usr/bin/cmake /home/mcav/ros2_ws/src/SD-VehicleInterface/sd_msgs -DAMENT_CMAKE_SYMLINK_INSTALL=1 -DCMAKE_INSTALL_PREFIX=/home/mcav/ros2_ws/src/SD-VehicleInterface/install/sd_msgs
[0.271s] DEBUG:colcon.colcon_core.event_handler.log_command:Invoked command in '/home/mcav/ros2_ws/src/SD-VehicleInterface/build/sd_msgs' returned '1': /usr/bin/cmake /home/mcav/ros2_ws/src/SD-VehicleInterface/sd_msgs -DAMENT_CMAKE_SYMLINK_INSTALL=1 -DCMAKE_INSTALL_PREFIX=/home/mcav/ros2_ws/src/SD-VehicleInterface/install/sd_msgs
[0.275s] Level 1:colcon.colcon_core.environment:create_environment_scripts_only(sd_msgs)
[0.276s] Level 1:colcon.colcon_core.environment:checking '/home/mcav/ros2_ws/src/SD-VehicleInterface/install/sd_msgs' for CMake module files
[0.277s] Level 1:colcon.colcon_core.environment:checking '/home/mcav/ros2_ws/src/SD-VehicleInterface/install/sd_msgs' for CMake config files
[0.277s] Level 1:colcon.colcon_core.environment:checking '/home/mcav/ros2_ws/src/SD-VehicleInterface/install/sd_msgs/bin'
[0.277s] Level 1:colcon.colcon_core.environment:checking '/home/mcav/ros2_ws/src/SD-VehicleInterface/install/sd_msgs/lib/pkgconfig/sd_msgs.pc'
[0.278s] Level 1:colcon.colcon_core.environment:checking '/home/mcav/ros2_ws/src/SD-VehicleInterface/install/sd_msgs/lib/python3.10/site-packages'
[0.278s] Level 1:colcon.colcon_core.environment:checking '/home/mcav/ros2_ws/src/SD-VehicleInterface/install/sd_msgs/bin'
[0.278s] INFO:colcon.colcon_core.shell:Creating package script '/home/mcav/ros2_ws/src/SD-VehicleInterface/install/sd_msgs/share/sd_msgs/package.ps1'
[0.278s] INFO:colcon.colcon_core.shell:Creating package descriptor '/home/mcav/ros2_ws/src/SD-VehicleInterface/install/sd_msgs/share/sd_msgs/package.dsv'
[0.279s] INFO:colcon.colcon_core.shell:Creating package script '/home/mcav/ros2_ws/src/SD-VehicleInterface/install/sd_msgs/share/sd_msgs/package.sh'
[0.279s] INFO:colcon.colcon_core.shell:Creating package script '/home/mcav/ros2_ws/src/SD-VehicleInterface/install/sd_msgs/share/sd_msgs/package.bash'
[0.279s] INFO:colcon.colcon_core.shell:Creating package script '/home/mcav/ros2_ws/src/SD-VehicleInterface/install/sd_msgs/share/sd_msgs/package.zsh'
[0.280s] Level 1:colcon.colcon_core.environment:create_file_with_runtime_dependencies(/home/mcav/ros2_ws/src/SD-VehicleInterface/install/sd_msgs/share/colcon-core/packages/sd_msgs)
[0.291s] DEBUG:colcon.colcon_parallel_executor.executor.parallel:closing loop
[0.291s] DEBUG:colcon.colcon_parallel_executor.executor.parallel:loop closed
[0.291s] DEBUG:colcon.colcon_parallel_executor.executor.parallel:run_until_complete finished with '1'
[0.291s] DEBUG:colcon.colcon_core.event_reactor:joining thread
[0.294s] INFO:colcon.colcon_core.plugin_system:Skipping extension 'colcon_notification.desktop_notification.notify_send': Could not find 'notify-send'
[0.294s] INFO:colcon.colcon_core.plugin_system:Skipping extension 'colcon_notification.desktop_notification.terminal_notifier': Not used on non-Darwin systems
[0.294s] INFO:colcon.colcon_core.plugin_system:Skipping extension 'colcon_notification.desktop_notification.win32': Not used on non-Windows systems
[0.294s] INFO:colcon.colcon_notification.desktop_notification:Sending desktop notification using 'notify2'
[0.294s] DEBUG:colcon.colcon_notification.desktop_notification.notify2:Failed to initialize notify2: org.freedesktop.DBus.Error.NotSupported: Unable to autolaunch a dbus-daemon without a $DISPLAY for X11
[0.294s] DEBUG:colcon.colcon_core.event_reactor:joined thread
[0.294s] INFO:colcon.colcon_core.shell:Creating prefix script '/home/mcav/ros2_ws/src/SD-VehicleInterface/install/local_setup.ps1'
[0.295s] INFO:colcon.colcon_core.shell:Creating prefix util module '/home/mcav/ros2_ws/src/SD-VehicleInterface/install/_local_setup_util_ps1.py'
[0.295s] INFO:colcon.colcon_core.shell:Creating prefix chain script '/home/mcav/ros2_ws/src/SD-VehicleInterface/install/setup.ps1'
[0.296s] INFO:colcon.colcon_core.shell:Creating prefix script '/home/mcav/ros2_ws/src/SD-VehicleInterface/install/local_setup.sh'
[0.296s] INFO:colcon.colcon_core.shell:Creating prefix util module '/home/mcav/ros2_ws/src/SD-VehicleInterface/install/_local_setup_util_sh.py'
[0.296s] INFO:colcon.colcon_core.shell:Creating prefix chain script '/home/mcav/ros2_ws/src/SD-VehicleInterface/install/setup.sh'
[0.297s] INFO:colcon.colcon_core.shell:Creating prefix script '/home/mcav/ros2_ws/src/SD-VehicleInterface/install/local_setup.bash'
[0.297s] INFO:colcon.colcon_core.shell:Creating prefix chain script '/home/mcav/ros2_ws/src/SD-VehicleInterface/install/setup.bash'
[0.297s] INFO:colcon.colcon_core.shell:Creating prefix script '/home/mcav/ros2_ws/src/SD-VehicleInterface/install/local_setup.zsh'
[0.297s] INFO:colcon.colcon_core.shell:Creating prefix chain script '/home/mcav/ros2_ws/src/SD-VehicleInterface/install/setup.zsh'
