[0.006s] Invoking command in '/home/mcav/ros2_ws/src/SD-VehicleInterface/build/sd_msgs': CMAKE_PREFIX_PATH=${CMAKE_PREFIX_PATH}:/opt/ros/humble /usr/bin/cmake --build /home/mcav/ros2_ws/src/SD-VehicleInterface/build/sd_msgs -- -j8 -l8
[0.029s] [35m[1mConsolidate compiler generated dependencies of target sd_msgs__rosidl_generator_c[0m
[0.034s] [  3%] Built target sd_msgs__cpp
[0.039s] [  3%] Built target ament_cmake_python_symlink_sd_msgs
[0.039s] [ 12%] Built target sd_msgs__rosidl_generator_c
[0.044s] [35m[1mConsolidate compiler generated dependencies of target sd_msgs__rosidl_typesupport_cpp[0m
[0.045s] [35m[1mConsolidate compiler generated dependencies of target sd_msgs__rosidl_typesupport_fastrtps_cpp[0m
[0.045s] [35m[1mConsolidate compiler generated dependencies of target sd_msgs__rosidl_typesupport_introspection_cpp[0m
[0.047s] [35m[1mConsolidate compiler generated dependencies of target sd_msgs__rosidl_typesupport_c[0m
[0.047s] [35m[1mConsolidate compiler generated dependencies of target sd_msgs__rosidl_typesupport_introspection_c[0m
[0.049s] [35m[1mConsolidate compiler generated dependencies of target sd_msgs__rosidl_typesupport_fastrtps_c[0m
[0.053s] [ 22%] Built target sd_msgs__rosidl_typesupport_fastrtps_cpp
[0.053s] [ 32%] Built target sd_msgs__rosidl_typesupport_cpp
[0.054s] [ 41%] Built target sd_msgs__rosidl_typesupport_fastrtps_c
[0.055s] [ 51%] Built target sd_msgs__rosidl_typesupport_introspection_cpp
[0.055s] [ 61%] Built target sd_msgs__rosidl_typesupport_c
[0.056s] [ 70%] Built target sd_msgs__rosidl_typesupport_introspection_c
[0.064s] [ 70%] Built target sd_msgs
[0.071s] [ 74%] Built target sd_msgs__py
[0.075s] [35m[1mConsolidate compiler generated dependencies of target sd_msgs__rosidl_generator_py[0m
[0.080s] [ 80%] Built target sd_msgs__rosidl_generator_py
[0.084s] [35m[1mConsolidate compiler generated dependencies of target sd_msgs__rosidl_typesupport_introspection_c__pyext[0m
[0.085s] [35m[1mConsolidate compiler generated dependencies of target sd_msgs__rosidl_typesupport_fastrtps_c__pyext[0m
[0.087s] [35m[1mConsolidate compiler generated dependencies of target sd_msgs__rosidl_typesupport_c__pyext[0m
[0.091s] [ 87%] Built target sd_msgs__rosidl_typesupport_fastrtps_c__pyext
[0.091s] [ 93%] Built target sd_msgs__rosidl_typesupport_introspection_c__pyext
[0.094s] [100%] Built target sd_msgs__rosidl_typesupport_c__pyext
[0.129s] running egg_info
[0.130s] writing sd_msgs.egg-info/PKG-INFO
[0.130s] writing dependency_links to sd_msgs.egg-info/dependency_links.txt
[0.130s] writing top-level names to sd_msgs.egg-info/top_level.txt
[0.131s] reading manifest file 'sd_msgs.egg-info/SOURCES.txt'
[0.131s] writing manifest file 'sd_msgs.egg-info/SOURCES.txt'
[0.143s] [100%] Built target ament_cmake_python_build_sd_msgs_egg
[0.147s] Invoked command in '/home/mcav/ros2_ws/src/SD-VehicleInterface/build/sd_msgs' returned '0': CMAKE_PREFIX_PATH=${CMAKE_PREFIX_PATH}:/opt/ros/humble /usr/bin/cmake --build /home/mcav/ros2_ws/src/SD-VehicleInterface/build/sd_msgs -- -j8 -l8
[0.151s] Invoking command in '/home/mcav/ros2_ws/src/SD-VehicleInterface/build/sd_msgs': CMAKE_PREFIX_PATH=${CMAKE_PREFIX_PATH}:/opt/ros/humble /usr/bin/cmake --install /home/mcav/ros2_ws/src/SD-VehicleInterface/build/sd_msgs
[0.154s] -- Install configuration: ""
[0.154s] -- Execute custom install script
[0.154s] -- Up-to-date symlink: /home/mcav/ros2_ws/src/SD-VehicleInterface/install/sd_msgs/share/ament_index/resource_index/rosidl_interfaces/sd_msgs
[0.154s] -- Up-to-date symlink: /home/mcav/ros2_ws/src/SD-VehicleInterface/install/sd_msgs/include/sd_msgs/sd_msgs/msg/detail/sd_control__functions.h
[0.155s] -- Up-to-date symlink: /home/mcav/ros2_ws/src/SD-VehicleInterface/install/sd_msgs/include/sd_msgs/sd_msgs/msg/detail/sd_control__struct.h
[0.155s] -- Up-to-date symlink: /home/mcav/ros2_ws/src/SD-VehicleInterface/install/sd_msgs/include/sd_msgs/sd_msgs/msg/detail/sd_control__type_support.h
[0.155s] -- Up-to-date symlink: /home/mcav/ros2_ws/src/SD-VehicleInterface/install/sd_msgs/include/sd_msgs/sd_msgs/msg/rosidl_generator_c__visibility_control.h
[0.155s] -- Up-to-date symlink: /home/mcav/ros2_ws/src/SD-VehicleInterface/install/sd_msgs/include/sd_msgs/sd_msgs/msg/sd_control.h
[0.155s] -- Up-to-date symlink: /home/mcav/ros2_ws/src/SD-VehicleInterface/install/sd_msgs/share/sd_msgs/environment/library_path.sh
[0.155s] -- Up-to-date symlink: /home/mcav/ros2_ws/src/SD-VehicleInterface/install/sd_msgs/share/sd_msgs/environment/library_path.dsv
[0.155s] -- Up-to-date symlink: /home/mcav/ros2_ws/src/SD-VehicleInterface/install/sd_msgs/include/sd_msgs/sd_msgs/msg/detail/sd_control__rosidl_typesupport_fastrtps_c.h
[0.155s] -- Up-to-date symlink: /home/mcav/ros2_ws/src/SD-VehicleInterface/install/sd_msgs/include/sd_msgs/sd_msgs/msg/rosidl_typesupport_fastrtps_c__visibility_control.h
[0.155s] -- Up-to-date symlink: /home/mcav/ros2_ws/src/SD-VehicleInterface/install/sd_msgs/include/sd_msgs/sd_msgs/msg/detail/sd_control__rosidl_typesupport_introspection_c.h
[0.155s] -- Up-to-date symlink: /home/mcav/ros2_ws/src/SD-VehicleInterface/install/sd_msgs/include/sd_msgs/sd_msgs/msg/rosidl_typesupport_introspection_c__visibility_control.h
[0.155s] -- Up-to-date symlink: /home/mcav/ros2_ws/src/SD-VehicleInterface/install/sd_msgs/include/sd_msgs/sd_msgs/msg/detail/sd_control__builder.hpp
[0.156s] -- Up-to-date symlink: /home/mcav/ros2_ws/src/SD-VehicleInterface/install/sd_msgs/include/sd_msgs/sd_msgs/msg/detail/sd_control__struct.hpp
[0.156s] -- Up-to-date symlink: /home/mcav/ros2_ws/src/SD-VehicleInterface/install/sd_msgs/include/sd_msgs/sd_msgs/msg/detail/sd_control__traits.hpp
[0.156s] -- Up-to-date symlink: /home/mcav/ros2_ws/src/SD-VehicleInterface/install/sd_msgs/include/sd_msgs/sd_msgs/msg/detail/sd_control__type_support.hpp
[0.156s] -- Up-to-date symlink: /home/mcav/ros2_ws/src/SD-VehicleInterface/install/sd_msgs/include/sd_msgs/sd_msgs/msg/rosidl_generator_cpp__visibility_control.hpp
[0.156s] -- Up-to-date symlink: /home/mcav/ros2_ws/src/SD-VehicleInterface/install/sd_msgs/include/sd_msgs/sd_msgs/msg/sd_control.hpp
[0.156s] -- Up-to-date symlink: /home/mcav/ros2_ws/src/SD-VehicleInterface/install/sd_msgs/include/sd_msgs/sd_msgs/msg/detail/sd_control__rosidl_typesupport_fastrtps_cpp.hpp
[0.156s] -- Up-to-date symlink: /home/mcav/ros2_ws/src/SD-VehicleInterface/install/sd_msgs/include/sd_msgs/sd_msgs/msg/rosidl_typesupport_fastrtps_cpp__visibility_control.h
[0.156s] -- Up-to-date symlink: /home/mcav/ros2_ws/src/SD-VehicleInterface/install/sd_msgs/include/sd_msgs/sd_msgs/msg/detail/sd_control__rosidl_typesupport_introspection_cpp.hpp
[0.156s] -- Up-to-date symlink: /home/mcav/ros2_ws/src/SD-VehicleInterface/install/sd_msgs/share/sd_msgs/environment/pythonpath.sh
[0.156s] -- Up-to-date symlink: /home/mcav/ros2_ws/src/SD-VehicleInterface/install/sd_msgs/share/sd_msgs/environment/pythonpath.dsv
[0.157s] -- Up-to-date symlink: /home/mcav/ros2_ws/src/SD-VehicleInterface/install/sd_msgs/local/lib/python3.10/dist-packages/sd_msgs-0.0.0-py3.10.egg-info/PKG-INFO
[0.157s] -- Up-to-date symlink: /home/mcav/ros2_ws/src/SD-VehicleInterface/install/sd_msgs/local/lib/python3.10/dist-packages/sd_msgs-0.0.0-py3.10.egg-info/SOURCES.txt
[0.157s] -- Up-to-date symlink: /home/mcav/ros2_ws/src/SD-VehicleInterface/install/sd_msgs/local/lib/python3.10/dist-packages/sd_msgs-0.0.0-py3.10.egg-info/dependency_links.txt
[0.157s] -- Up-to-date symlink: /home/mcav/ros2_ws/src/SD-VehicleInterface/install/sd_msgs/local/lib/python3.10/dist-packages/sd_msgs-0.0.0-py3.10.egg-info/top_level.txt
[0.157s] -- Up-to-date symlink: /home/mcav/ros2_ws/src/SD-VehicleInterface/install/sd_msgs/local/lib/python3.10/dist-packages/sd_msgs/__init__.py
[0.157s] -- Up-to-date symlink: /home/mcav/ros2_ws/src/SD-VehicleInterface/install/sd_msgs/local/lib/python3.10/dist-packages/sd_msgs/_sd_msgs_s.ep.rosidl_typesupport_c.c
[0.157s] -- Up-to-date symlink: /home/mcav/ros2_ws/src/SD-VehicleInterface/install/sd_msgs/local/lib/python3.10/dist-packages/sd_msgs/_sd_msgs_s.ep.rosidl_typesupport_fastrtps_c.c
[0.157s] -- Up-to-date symlink: /home/mcav/ros2_ws/src/SD-VehicleInterface/install/sd_msgs/local/lib/python3.10/dist-packages/sd_msgs/_sd_msgs_s.ep.rosidl_typesupport_introspection_c.c
[0.157s] -- Up-to-date symlink: /home/mcav/ros2_ws/src/SD-VehicleInterface/install/sd_msgs/local/lib/python3.10/dist-packages/sd_msgs/libsd_msgs__rosidl_generator_py.so
[0.157s] -- Up-to-date symlink: /home/mcav/ros2_ws/src/SD-VehicleInterface/install/sd_msgs/local/lib/python3.10/dist-packages/sd_msgs/msg/__init__.py
[0.157s] -- Up-to-date symlink: /home/mcav/ros2_ws/src/SD-VehicleInterface/install/sd_msgs/local/lib/python3.10/dist-packages/sd_msgs/msg/_sd_control.py
[0.157s] -- Up-to-date symlink: /home/mcav/ros2_ws/src/SD-VehicleInterface/install/sd_msgs/local/lib/python3.10/dist-packages/sd_msgs/msg/_sd_control_s.c
[0.157s] -- Up-to-date symlink: /home/mcav/ros2_ws/src/SD-VehicleInterface/install/sd_msgs/local/lib/python3.10/dist-packages/sd_msgs/sd_msgs_s__rosidl_typesupport_c.cpython-310-aarch64-linux-gnu.so
[0.158s] -- Up-to-date symlink: /home/mcav/ros2_ws/src/SD-VehicleInterface/install/sd_msgs/local/lib/python3.10/dist-packages/sd_msgs/sd_msgs_s__rosidl_typesupport_fastrtps_c.cpython-310-aarch64-linux-gnu.so
[0.158s] -- Up-to-date symlink: /home/mcav/ros2_ws/src/SD-VehicleInterface/install/sd_msgs/local/lib/python3.10/dist-packages/sd_msgs/sd_msgs_s__rosidl_typesupport_introspection_c.cpython-310-aarch64-linux-gnu.so
[0.158s] -- Up-to-date symlink: /home/mcav/ros2_ws/src/SD-VehicleInterface/install/sd_msgs/local/lib/python3.10/dist-packages/sd_msgs/sd_msgs_s__rosidl_typesupport_fastrtps_c.cpython-310-aarch64-linux-gnu.so
[0.158s] -- Up-to-date symlink: /home/mcav/ros2_ws/src/SD-VehicleInterface/install/sd_msgs/local/lib/python3.10/dist-packages/sd_msgs/sd_msgs_s__rosidl_typesupport_introspection_c.cpython-310-aarch64-linux-gnu.so
[0.158s] -- Up-to-date symlink: /home/mcav/ros2_ws/src/SD-VehicleInterface/install/sd_msgs/local/lib/python3.10/dist-packages/sd_msgs/sd_msgs_s__rosidl_typesupport_c.cpython-310-aarch64-linux-gnu.so
[0.158s] -- Up-to-date symlink: /home/mcav/ros2_ws/src/SD-VehicleInterface/install/sd_msgs/share/sd_msgs/msg/SDControl.idl
[0.158s] -- Up-to-date symlink: /home/mcav/ros2_ws/src/SD-VehicleInterface/install/sd_msgs/share/sd_msgs/msg/SDControl.msg
[0.158s] -- Up-to-date symlink: /home/mcav/ros2_ws/src/SD-VehicleInterface/install/sd_msgs/share/ament_index/resource_index/package_run_dependencies/sd_msgs
[0.158s] -- Up-to-date symlink: /home/mcav/ros2_ws/src/SD-VehicleInterface/install/sd_msgs/share/ament_index/resource_index/parent_prefix_path/sd_msgs
[0.158s] -- Up-to-date symlink: /home/mcav/ros2_ws/src/SD-VehicleInterface/install/sd_msgs/share/sd_msgs/environment/ament_prefix_path.sh
[0.158s] -- Up-to-date symlink: /home/mcav/ros2_ws/src/SD-VehicleInterface/install/sd_msgs/share/sd_msgs/environment/ament_prefix_path.dsv
[0.158s] -- Up-to-date symlink: /home/mcav/ros2_ws/src/SD-VehicleInterface/install/sd_msgs/share/sd_msgs/environment/path.sh
[0.159s] -- Up-to-date symlink: /home/mcav/ros2_ws/src/SD-VehicleInterface/install/sd_msgs/share/sd_msgs/environment/path.dsv
[0.159s] -- Up-to-date symlink: /home/mcav/ros2_ws/src/SD-VehicleInterface/install/sd_msgs/share/sd_msgs/local_setup.bash
[0.159s] -- Up-to-date symlink: /home/mcav/ros2_ws/src/SD-VehicleInterface/install/sd_msgs/share/sd_msgs/local_setup.sh
[0.159s] -- Up-to-date symlink: /home/mcav/ros2_ws/src/SD-VehicleInterface/install/sd_msgs/share/sd_msgs/local_setup.zsh
[0.159s] -- Up-to-date symlink: /home/mcav/ros2_ws/src/SD-VehicleInterface/install/sd_msgs/share/sd_msgs/local_setup.dsv
[0.159s] -- Symlinking: /home/mcav/ros2_ws/src/SD-VehicleInterface/install/sd_msgs/share/sd_msgs/package.dsv
[0.162s] -- Up-to-date symlink: /home/mcav/ros2_ws/src/SD-VehicleInterface/install/sd_msgs/share/ament_index/resource_index/packages/sd_msgs
[0.162s] -- Up-to-date symlink: /home/mcav/ros2_ws/src/SD-VehicleInterface/install/sd_msgs/share/sd_msgs/cmake/rosidl_cmake-extras.cmake
[0.162s] -- Up-to-date symlink: /home/mcav/ros2_ws/src/SD-VehicleInterface/install/sd_msgs/share/sd_msgs/cmake/ament_cmake_export_dependencies-extras.cmake
[0.162s] -- Up-to-date symlink: /home/mcav/ros2_ws/src/SD-VehicleInterface/install/sd_msgs/share/sd_msgs/cmake/ament_cmake_export_include_directories-extras.cmake
[0.162s] -- Up-to-date symlink: /home/mcav/ros2_ws/src/SD-VehicleInterface/install/sd_msgs/share/sd_msgs/cmake/ament_cmake_export_libraries-extras.cmake
[0.162s] -- Up-to-date symlink: /home/mcav/ros2_ws/src/SD-VehicleInterface/install/sd_msgs/share/sd_msgs/cmake/ament_cmake_export_targets-extras.cmake
[0.162s] -- Up-to-date symlink: /home/mcav/ros2_ws/src/SD-VehicleInterface/install/sd_msgs/share/sd_msgs/cmake/rosidl_cmake_export_typesupport_targets-extras.cmake
[0.163s] -- Up-to-date symlink: /home/mcav/ros2_ws/src/SD-VehicleInterface/install/sd_msgs/share/sd_msgs/cmake/rosidl_cmake_export_typesupport_libraries-extras.cmake
[0.163s] -- Up-to-date symlink: /home/mcav/ros2_ws/src/SD-VehicleInterface/install/sd_msgs/share/sd_msgs/cmake/sd_msgsConfig.cmake
[0.163s] -- Up-to-date symlink: /home/mcav/ros2_ws/src/SD-VehicleInterface/install/sd_msgs/share/sd_msgs/cmake/sd_msgsConfig-version.cmake
[0.163s] -- Up-to-date symlink: /home/mcav/ros2_ws/src/SD-VehicleInterface/install/sd_msgs/share/sd_msgs/package.xml
[0.163s] -- Up-to-date: /home/mcav/ros2_ws/src/SD-VehicleInterface/install/sd_msgs/lib/libsd_msgs__rosidl_generator_c.so
[0.163s] -- Up-to-date: /home/mcav/ros2_ws/src/SD-VehicleInterface/install/sd_msgs/lib/libsd_msgs__rosidl_typesupport_fastrtps_c.so
[0.163s] -- Up-to-date: /home/mcav/ros2_ws/src/SD-VehicleInterface/install/sd_msgs/lib/libsd_msgs__rosidl_typesupport_introspection_c.so
[0.163s] -- Up-to-date: /home/mcav/ros2_ws/src/SD-VehicleInterface/install/sd_msgs/lib/libsd_msgs__rosidl_typesupport_c.so
[0.163s] -- Up-to-date: /home/mcav/ros2_ws/src/SD-VehicleInterface/install/sd_msgs/lib/libsd_msgs__rosidl_typesupport_fastrtps_cpp.so
[0.164s] -- Up-to-date: /home/mcav/ros2_ws/src/SD-VehicleInterface/install/sd_msgs/lib/libsd_msgs__rosidl_typesupport_introspection_cpp.so
[0.164s] -- Up-to-date: /home/mcav/ros2_ws/src/SD-VehicleInterface/install/sd_msgs/lib/libsd_msgs__rosidl_typesupport_cpp.so
[0.179s] Listing '/home/mcav/ros2_ws/src/SD-VehicleInterface/install/sd_msgs/local/lib/python3.10/dist-packages/sd_msgs'...
[0.179s] Listing '/home/mcav/ros2_ws/src/SD-VehicleInterface/install/sd_msgs/local/lib/python3.10/dist-packages/sd_msgs/msg'...
[0.181s] -- Up-to-date: /home/mcav/ros2_ws/src/SD-VehicleInterface/install/sd_msgs/lib/libsd_msgs__rosidl_generator_py.so
[0.181s] -- Up-to-date: /home/mcav/ros2_ws/src/SD-VehicleInterface/install/sd_msgs/share/sd_msgs/cmake/export_sd_msgs__rosidl_generator_cExport.cmake
[0.181s] -- Up-to-date: /home/mcav/ros2_ws/src/SD-VehicleInterface/install/sd_msgs/share/sd_msgs/cmake/export_sd_msgs__rosidl_generator_cExport-noconfig.cmake
[0.181s] -- Up-to-date: /home/mcav/ros2_ws/src/SD-VehicleInterface/install/sd_msgs/share/sd_msgs/cmake/export_sd_msgs__rosidl_typesupport_fastrtps_cExport.cmake
[0.181s] -- Up-to-date: /home/mcav/ros2_ws/src/SD-VehicleInterface/install/sd_msgs/share/sd_msgs/cmake/export_sd_msgs__rosidl_typesupport_fastrtps_cExport-noconfig.cmake
[0.181s] -- Up-to-date: /home/mcav/ros2_ws/src/SD-VehicleInterface/install/sd_msgs/share/sd_msgs/cmake/sd_msgs__rosidl_typesupport_introspection_cExport.cmake
[0.181s] -- Up-to-date: /home/mcav/ros2_ws/src/SD-VehicleInterface/install/sd_msgs/share/sd_msgs/cmake/sd_msgs__rosidl_typesupport_introspection_cExport-noconfig.cmake
[0.181s] -- Up-to-date: /home/mcav/ros2_ws/src/SD-VehicleInterface/install/sd_msgs/share/sd_msgs/cmake/sd_msgs__rosidl_typesupport_cExport.cmake
[0.181s] -- Up-to-date: /home/mcav/ros2_ws/src/SD-VehicleInterface/install/sd_msgs/share/sd_msgs/cmake/sd_msgs__rosidl_typesupport_cExport-noconfig.cmake
[0.181s] -- Up-to-date: /home/mcav/ros2_ws/src/SD-VehicleInterface/install/sd_msgs/share/sd_msgs/cmake/export_sd_msgs__rosidl_generator_cppExport.cmake
[0.181s] -- Up-to-date: /home/mcav/ros2_ws/src/SD-VehicleInterface/install/sd_msgs/share/sd_msgs/cmake/export_sd_msgs__rosidl_typesupport_fastrtps_cppExport.cmake
[0.181s] -- Up-to-date: /home/mcav/ros2_ws/src/SD-VehicleInterface/install/sd_msgs/share/sd_msgs/cmake/export_sd_msgs__rosidl_typesupport_fastrtps_cppExport-noconfig.cmake
[0.181s] -- Up-to-date: /home/mcav/ros2_ws/src/SD-VehicleInterface/install/sd_msgs/share/sd_msgs/cmake/sd_msgs__rosidl_typesupport_introspection_cppExport.cmake
[0.181s] -- Up-to-date: /home/mcav/ros2_ws/src/SD-VehicleInterface/install/sd_msgs/share/sd_msgs/cmake/sd_msgs__rosidl_typesupport_introspection_cppExport-noconfig.cmake
[0.181s] -- Up-to-date: /home/mcav/ros2_ws/src/SD-VehicleInterface/install/sd_msgs/share/sd_msgs/cmake/sd_msgs__rosidl_typesupport_cppExport.cmake
[0.181s] -- Up-to-date: /home/mcav/ros2_ws/src/SD-VehicleInterface/install/sd_msgs/share/sd_msgs/cmake/sd_msgs__rosidl_typesupport_cppExport-noconfig.cmake
[0.182s] -- Up-to-date: /home/mcav/ros2_ws/src/SD-VehicleInterface/install/sd_msgs/share/sd_msgs/cmake/export_sd_msgs__rosidl_generator_pyExport.cmake
[0.182s] -- Up-to-date: /home/mcav/ros2_ws/src/SD-VehicleInterface/install/sd_msgs/share/sd_msgs/cmake/export_sd_msgs__rosidl_generator_pyExport-noconfig.cmake
[0.182s] Invoked command in '/home/mcav/ros2_ws/src/SD-VehicleInterface/build/sd_msgs' returned '0': CMAKE_PREFIX_PATH=${CMAKE_PREFIX_PATH}:/opt/ros/humble /usr/bin/cmake --install /home/mcav/ros2_ws/src/SD-VehicleInterface/build/sd_msgs
