[  3%] Built target sd_msgs__cpp
[ 12%] Built target sd_msgs__rosidl_generator_c
[ 12%] Built target ament_cmake_python_symlink_sd_msgs
[ 22%] Built target sd_msgs__rosidl_typesupport_cpp
[ 32%] Built target sd_msgs__rosidl_typesupport_introspection_cpp
[ 41%] Built target sd_msgs__rosidl_typesupport_fastrtps_c
[ 51%] Built target sd_msgs__rosidl_typesupport_fastrtps_cpp
[ 61%] Built target sd_msgs__rosidl_typesupport_introspection_c
[ 70%] Built target sd_msgs__rosidl_typesupport_c
[ 70%] Built target sd_msgs
[ 74%] Built target sd_msgs__py
[ 80%] Built target sd_msgs__rosidl_generator_py
[ 93%] Built target sd_msgs__rosidl_typesupport_fastrtps_c__pyext
[ 93%] Built target sd_msgs__rosidl_typesupport_introspection_c__pyext
[100%] Built target sd_msgs__rosidl_typesupport_c__pyext
running egg_info
writing sd_msgs.egg-info/PKG-INFO
writing dependency_links to sd_msgs.egg-info/dependency_links.txt
writing top-level names to sd_msgs.egg-info/top_level.txt
reading manifest file 'sd_msgs.egg-info/SOURCES.txt'
writing manifest file 'sd_msgs.egg-info/SOURCES.txt'
[100%] Built target ament_cmake_python_build_sd_msgs_egg
-- Install configuration: ""
-- Execute custom install script
-- Up-to-date symlink: /home/mcav/ros2_ws/src/SD-VehicleInterface/install/sd_msgs/share/ament_index/resource_index/rosidl_interfaces/sd_msgs
-- Up-to-date symlink: /home/mcav/ros2_ws/src/SD-VehicleInterface/install/sd_msgs/include/sd_msgs/sd_msgs/msg/detail/sd_control__functions.h
-- Up-to-date symlink: /home/mcav/ros2_ws/src/SD-VehicleInterface/install/sd_msgs/include/sd_msgs/sd_msgs/msg/detail/sd_control__struct.h
-- Up-to-date symlink: /home/mcav/ros2_ws/src/SD-VehicleInterface/install/sd_msgs/include/sd_msgs/sd_msgs/msg/detail/sd_control__type_support.h
-- Up-to-date symlink: /home/mcav/ros2_ws/src/SD-VehicleInterface/install/sd_msgs/include/sd_msgs/sd_msgs/msg/rosidl_generator_c__visibility_control.h
-- Up-to-date symlink: /home/mcav/ros2_ws/src/SD-VehicleInterface/install/sd_msgs/include/sd_msgs/sd_msgs/msg/sd_control.h
-- Up-to-date symlink: /home/mcav/ros2_ws/src/SD-VehicleInterface/install/sd_msgs/share/sd_msgs/environment/library_path.sh
-- Up-to-date symlink: /home/mcav/ros2_ws/src/SD-VehicleInterface/install/sd_msgs/share/sd_msgs/environment/library_path.dsv
-- Up-to-date symlink: /home/mcav/ros2_ws/src/SD-VehicleInterface/install/sd_msgs/include/sd_msgs/sd_msgs/msg/detail/sd_control__rosidl_typesupport_fastrtps_c.h
-- Up-to-date symlink: /home/mcav/ros2_ws/src/SD-VehicleInterface/install/sd_msgs/include/sd_msgs/sd_msgs/msg/rosidl_typesupport_fastrtps_c__visibility_control.h
-- Up-to-date symlink: /home/mcav/ros2_ws/src/SD-VehicleInterface/install/sd_msgs/include/sd_msgs/sd_msgs/msg/detail/sd_control__rosidl_typesupport_introspection_c.h
-- Up-to-date symlink: /home/mcav/ros2_ws/src/SD-VehicleInterface/install/sd_msgs/include/sd_msgs/sd_msgs/msg/rosidl_typesupport_introspection_c__visibility_control.h
-- Up-to-date symlink: /home/mcav/ros2_ws/src/SD-VehicleInterface/install/sd_msgs/include/sd_msgs/sd_msgs/msg/detail/sd_control__builder.hpp
-- Up-to-date symlink: /home/mcav/ros2_ws/src/SD-VehicleInterface/install/sd_msgs/include/sd_msgs/sd_msgs/msg/detail/sd_control__struct.hpp
-- Up-to-date symlink: /home/mcav/ros2_ws/src/SD-VehicleInterface/install/sd_msgs/include/sd_msgs/sd_msgs/msg/detail/sd_control__traits.hpp
-- Up-to-date symlink: /home/mcav/ros2_ws/src/SD-VehicleInterface/install/sd_msgs/include/sd_msgs/sd_msgs/msg/detail/sd_control__type_support.hpp
-- Up-to-date symlink: /home/mcav/ros2_ws/src/SD-VehicleInterface/install/sd_msgs/include/sd_msgs/sd_msgs/msg/rosidl_generator_cpp__visibility_control.hpp
-- Up-to-date symlink: /home/mcav/ros2_ws/src/SD-VehicleInterface/install/sd_msgs/include/sd_msgs/sd_msgs/msg/sd_control.hpp
-- Up-to-date symlink: /home/mcav/ros2_ws/src/SD-VehicleInterface/install/sd_msgs/include/sd_msgs/sd_msgs/msg/detail/sd_control__rosidl_typesupport_fastrtps_cpp.hpp
-- Up-to-date symlink: /home/mcav/ros2_ws/src/SD-VehicleInterface/install/sd_msgs/include/sd_msgs/sd_msgs/msg/rosidl_typesupport_fastrtps_cpp__visibility_control.h
-- Up-to-date symlink: /home/mcav/ros2_ws/src/SD-VehicleInterface/install/sd_msgs/include/sd_msgs/sd_msgs/msg/detail/sd_control__rosidl_typesupport_introspection_cpp.hpp
-- Up-to-date symlink: /home/mcav/ros2_ws/src/SD-VehicleInterface/install/sd_msgs/share/sd_msgs/environment/pythonpath.sh
-- Up-to-date symlink: /home/mcav/ros2_ws/src/SD-VehicleInterface/install/sd_msgs/share/sd_msgs/environment/pythonpath.dsv
-- Up-to-date symlink: /home/mcav/ros2_ws/src/SD-VehicleInterface/install/sd_msgs/local/lib/python3.10/dist-packages/sd_msgs-0.0.0-py3.10.egg-info/PKG-INFO
-- Up-to-date symlink: /home/mcav/ros2_ws/src/SD-VehicleInterface/install/sd_msgs/local/lib/python3.10/dist-packages/sd_msgs-0.0.0-py3.10.egg-info/SOURCES.txt
-- Up-to-date symlink: /home/mcav/ros2_ws/src/SD-VehicleInterface/install/sd_msgs/local/lib/python3.10/dist-packages/sd_msgs-0.0.0-py3.10.egg-info/dependency_links.txt
-- Up-to-date symlink: /home/mcav/ros2_ws/src/SD-VehicleInterface/install/sd_msgs/local/lib/python3.10/dist-packages/sd_msgs-0.0.0-py3.10.egg-info/top_level.txt
-- Up-to-date symlink: /home/mcav/ros2_ws/src/SD-VehicleInterface/install/sd_msgs/local/lib/python3.10/dist-packages/sd_msgs/__init__.py
-- Up-to-date symlink: /home/mcav/ros2_ws/src/SD-VehicleInterface/install/sd_msgs/local/lib/python3.10/dist-packages/sd_msgs/_sd_msgs_s.ep.rosidl_typesupport_c.c
-- Up-to-date symlink: /home/mcav/ros2_ws/src/SD-VehicleInterface/install/sd_msgs/local/lib/python3.10/dist-packages/sd_msgs/_sd_msgs_s.ep.rosidl_typesupport_fastrtps_c.c
-- Up-to-date symlink: /home/mcav/ros2_ws/src/SD-VehicleInterface/install/sd_msgs/local/lib/python3.10/dist-packages/sd_msgs/_sd_msgs_s.ep.rosidl_typesupport_introspection_c.c
-- Up-to-date symlink: /home/mcav/ros2_ws/src/SD-VehicleInterface/install/sd_msgs/local/lib/python3.10/dist-packages/sd_msgs/libsd_msgs__rosidl_generator_py.so
-- Up-to-date symlink: /home/mcav/ros2_ws/src/SD-VehicleInterface/install/sd_msgs/local/lib/python3.10/dist-packages/sd_msgs/msg/__init__.py
-- Up-to-date symlink: /home/mcav/ros2_ws/src/SD-VehicleInterface/install/sd_msgs/local/lib/python3.10/dist-packages/sd_msgs/msg/_sd_control.py
-- Up-to-date symlink: /home/mcav/ros2_ws/src/SD-VehicleInterface/install/sd_msgs/local/lib/python3.10/dist-packages/sd_msgs/msg/_sd_control_s.c
-- Up-to-date symlink: /home/mcav/ros2_ws/src/SD-VehicleInterface/install/sd_msgs/local/lib/python3.10/dist-packages/sd_msgs/sd_msgs_s__rosidl_typesupport_c.cpython-310-aarch64-linux-gnu.so
-- Up-to-date symlink: /home/mcav/ros2_ws/src/SD-VehicleInterface/install/sd_msgs/local/lib/python3.10/dist-packages/sd_msgs/sd_msgs_s__rosidl_typesupport_fastrtps_c.cpython-310-aarch64-linux-gnu.so
-- Up-to-date symlink: /home/mcav/ros2_ws/src/SD-VehicleInterface/install/sd_msgs/local/lib/python3.10/dist-packages/sd_msgs/sd_msgs_s__rosidl_typesupport_introspection_c.cpython-310-aarch64-linux-gnu.so
-- Up-to-date symlink: /home/mcav/ros2_ws/src/SD-VehicleInterface/install/sd_msgs/local/lib/python3.10/dist-packages/sd_msgs/sd_msgs_s__rosidl_typesupport_fastrtps_c.cpython-310-aarch64-linux-gnu.so
-- Up-to-date symlink: /home/mcav/ros2_ws/src/SD-VehicleInterface/install/sd_msgs/local/lib/python3.10/dist-packages/sd_msgs/sd_msgs_s__rosidl_typesupport_introspection_c.cpython-310-aarch64-linux-gnu.so
-- Up-to-date symlink: /home/mcav/ros2_ws/src/SD-VehicleInterface/install/sd_msgs/local/lib/python3.10/dist-packages/sd_msgs/sd_msgs_s__rosidl_typesupport_c.cpython-310-aarch64-linux-gnu.so
-- Up-to-date symlink: /home/mcav/ros2_ws/src/SD-VehicleInterface/install/sd_msgs/share/sd_msgs/msg/SDControl.idl
-- Up-to-date symlink: /home/mcav/ros2_ws/src/SD-VehicleInterface/install/sd_msgs/share/sd_msgs/msg/SDControl.msg
-- Up-to-date symlink: /home/mcav/ros2_ws/src/SD-VehicleInterface/install/sd_msgs/share/ament_index/resource_index/package_run_dependencies/sd_msgs
-- Up-to-date symlink: /home/mcav/ros2_ws/src/SD-VehicleInterface/install/sd_msgs/share/ament_index/resource_index/parent_prefix_path/sd_msgs
-- Up-to-date symlink: /home/mcav/ros2_ws/src/SD-VehicleInterface/install/sd_msgs/share/sd_msgs/environment/ament_prefix_path.sh
-- Up-to-date symlink: /home/mcav/ros2_ws/src/SD-VehicleInterface/install/sd_msgs/share/sd_msgs/environment/ament_prefix_path.dsv
-- Up-to-date symlink: /home/mcav/ros2_ws/src/SD-VehicleInterface/install/sd_msgs/share/sd_msgs/environment/path.sh
-- Up-to-date symlink: /home/mcav/ros2_ws/src/SD-VehicleInterface/install/sd_msgs/share/sd_msgs/environment/path.dsv
-- Up-to-date symlink: /home/mcav/ros2_ws/src/SD-VehicleInterface/install/sd_msgs/share/sd_msgs/local_setup.bash
-- Up-to-date symlink: /home/mcav/ros2_ws/src/SD-VehicleInterface/install/sd_msgs/share/sd_msgs/local_setup.sh
-- Up-to-date symlink: /home/mcav/ros2_ws/src/SD-VehicleInterface/install/sd_msgs/share/sd_msgs/local_setup.zsh
-- Up-to-date symlink: /home/mcav/ros2_ws/src/SD-VehicleInterface/install/sd_msgs/share/sd_msgs/local_setup.dsv
-- Symlinking: /home/mcav/ros2_ws/src/SD-VehicleInterface/install/sd_msgs/share/sd_msgs/package.dsv
-- Up-to-date symlink: /home/mcav/ros2_ws/src/SD-VehicleInterface/install/sd_msgs/share/ament_index/resource_index/packages/sd_msgs
-- Up-to-date symlink: /home/mcav/ros2_ws/src/SD-VehicleInterface/install/sd_msgs/share/sd_msgs/cmake/rosidl_cmake-extras.cmake
-- Up-to-date symlink: /home/mcav/ros2_ws/src/SD-VehicleInterface/install/sd_msgs/share/sd_msgs/cmake/ament_cmake_export_dependencies-extras.cmake
-- Up-to-date symlink: /home/mcav/ros2_ws/src/SD-VehicleInterface/install/sd_msgs/share/sd_msgs/cmake/ament_cmake_export_include_directories-extras.cmake
-- Up-to-date symlink: /home/mcav/ros2_ws/src/SD-VehicleInterface/install/sd_msgs/share/sd_msgs/cmake/ament_cmake_export_libraries-extras.cmake
-- Up-to-date symlink: /home/mcav/ros2_ws/src/SD-VehicleInterface/install/sd_msgs/share/sd_msgs/cmake/ament_cmake_export_targets-extras.cmake
-- Up-to-date symlink: /home/mcav/ros2_ws/src/SD-VehicleInterface/install/sd_msgs/share/sd_msgs/cmake/rosidl_cmake_export_typesupport_targets-extras.cmake
-- Up-to-date symlink: /home/mcav/ros2_ws/src/SD-VehicleInterface/install/sd_msgs/share/sd_msgs/cmake/rosidl_cmake_export_typesupport_libraries-extras.cmake
-- Up-to-date symlink: /home/mcav/ros2_ws/src/SD-VehicleInterface/install/sd_msgs/share/sd_msgs/cmake/sd_msgsConfig.cmake
-- Up-to-date symlink: /home/mcav/ros2_ws/src/SD-VehicleInterface/install/sd_msgs/share/sd_msgs/cmake/sd_msgsConfig-version.cmake
-- Up-to-date symlink: /home/mcav/ros2_ws/src/SD-VehicleInterface/install/sd_msgs/share/sd_msgs/package.xml
-- Up-to-date: /home/mcav/ros2_ws/src/SD-VehicleInterface/install/sd_msgs/lib/libsd_msgs__rosidl_generator_c.so
-- Up-to-date: /home/mcav/ros2_ws/src/SD-VehicleInterface/install/sd_msgs/lib/libsd_msgs__rosidl_typesupport_fastrtps_c.so
-- Up-to-date: /home/mcav/ros2_ws/src/SD-VehicleInterface/install/sd_msgs/lib/libsd_msgs__rosidl_typesupport_introspection_c.so
-- Up-to-date: /home/mcav/ros2_ws/src/SD-VehicleInterface/install/sd_msgs/lib/libsd_msgs__rosidl_typesupport_c.so
-- Up-to-date: /home/mcav/ros2_ws/src/SD-VehicleInterface/install/sd_msgs/lib/libsd_msgs__rosidl_typesupport_fastrtps_cpp.so
-- Up-to-date: /home/mcav/ros2_ws/src/SD-VehicleInterface/install/sd_msgs/lib/libsd_msgs__rosidl_typesupport_introspection_cpp.so
-- Up-to-date: /home/mcav/ros2_ws/src/SD-VehicleInterface/install/sd_msgs/lib/libsd_msgs__rosidl_typesupport_cpp.so
Listing '/home/mcav/ros2_ws/src/SD-VehicleInterface/install/sd_msgs/local/lib/python3.10/dist-packages/sd_msgs'...
Listing '/home/mcav/ros2_ws/src/SD-VehicleInterface/install/sd_msgs/local/lib/python3.10/dist-packages/sd_msgs/msg'...
-- Up-to-date: /home/mcav/ros2_ws/src/SD-VehicleInterface/install/sd_msgs/lib/libsd_msgs__rosidl_generator_py.so
-- Up-to-date: /home/mcav/ros2_ws/src/SD-VehicleInterface/install/sd_msgs/share/sd_msgs/cmake/export_sd_msgs__rosidl_generator_cExport.cmake
-- Up-to-date: /home/mcav/ros2_ws/src/SD-VehicleInterface/install/sd_msgs/share/sd_msgs/cmake/export_sd_msgs__rosidl_generator_cExport-noconfig.cmake
-- Up-to-date: /home/mcav/ros2_ws/src/SD-VehicleInterface/install/sd_msgs/share/sd_msgs/cmake/export_sd_msgs__rosidl_typesupport_fastrtps_cExport.cmake
-- Up-to-date: /home/mcav/ros2_ws/src/SD-VehicleInterface/install/sd_msgs/share/sd_msgs/cmake/export_sd_msgs__rosidl_typesupport_fastrtps_cExport-noconfig.cmake
-- Up-to-date: /home/mcav/ros2_ws/src/SD-VehicleInterface/install/sd_msgs/share/sd_msgs/cmake/sd_msgs__rosidl_typesupport_introspection_cExport.cmake
-- Up-to-date: /home/mcav/ros2_ws/src/SD-VehicleInterface/install/sd_msgs/share/sd_msgs/cmake/sd_msgs__rosidl_typesupport_introspection_cExport-noconfig.cmake
-- Up-to-date: /home/mcav/ros2_ws/src/SD-VehicleInterface/install/sd_msgs/share/sd_msgs/cmake/sd_msgs__rosidl_typesupport_cExport.cmake
-- Up-to-date: /home/mcav/ros2_ws/src/SD-VehicleInterface/install/sd_msgs/share/sd_msgs/cmake/sd_msgs__rosidl_typesupport_cExport-noconfig.cmake
-- Up-to-date: /home/mcav/ros2_ws/src/SD-VehicleInterface/install/sd_msgs/share/sd_msgs/cmake/export_sd_msgs__rosidl_generator_cppExport.cmake
-- Up-to-date: /home/mcav/ros2_ws/src/SD-VehicleInterface/install/sd_msgs/share/sd_msgs/cmake/export_sd_msgs__rosidl_typesupport_fastrtps_cppExport.cmake
-- Up-to-date: /home/mcav/ros2_ws/src/SD-VehicleInterface/install/sd_msgs/share/sd_msgs/cmake/export_sd_msgs__rosidl_typesupport_fastrtps_cppExport-noconfig.cmake
-- Up-to-date: /home/mcav/ros2_ws/src/SD-VehicleInterface/install/sd_msgs/share/sd_msgs/cmake/sd_msgs__rosidl_typesupport_introspection_cppExport.cmake
-- Up-to-date: /home/mcav/ros2_ws/src/SD-VehicleInterface/install/sd_msgs/share/sd_msgs/cmake/sd_msgs__rosidl_typesupport_introspection_cppExport-noconfig.cmake
-- Up-to-date: /home/mcav/ros2_ws/src/SD-VehicleInterface/install/sd_msgs/share/sd_msgs/cmake/sd_msgs__rosidl_typesupport_cppExport.cmake
-- Up-to-date: /home/mcav/ros2_ws/src/SD-VehicleInterface/install/sd_msgs/share/sd_msgs/cmake/sd_msgs__rosidl_typesupport_cppExport-noconfig.cmake
-- Up-to-date: /home/mcav/ros2_ws/src/SD-VehicleInterface/install/sd_msgs/share/sd_msgs/cmake/export_sd_msgs__rosidl_generator_pyExport.cmake
-- Up-to-date: /home/mcav/ros2_ws/src/SD-VehicleInterface/install/sd_msgs/share/sd_msgs/cmake/export_sd_msgs__rosidl_generator_pyExport-noconfig.cmake
