-- Found ament_cmake: 1.3.12 (/opt/ros/humble/share/ament_cmake/cmake)
-- Override CMake install command with custom implementation using symlinks instead of copying resources
-- Found rclcpp: 16.0.14 (/opt/ros/humble/share/rclcpp/cmake)
-- Found rosidl_generator_c: 3.1.7 (/opt/ros/humble/share/rosidl_generator_c/cmake)
-- Found rosidl_adapter: 3.1.7 (/opt/ros/humble/share/rosidl_adapter/cmake)
-- Found rosidl_generator_cpp: 3.1.7 (/opt/ros/humble/share/rosidl_generator_cpp/cmake)
-- Using all available rosidl_typesupport_c: rosidl_typesupport_fastrtps_c;rosidl_typesupport_introspection_c
-- Using all available rosidl_typesupport_cpp: rosidl_typesupport_fastrtps_cpp;rosidl_typesupport_introspection_cpp
-- Found rmw_implementation_cmake: 6.1.2 (/opt/ros/humble/share/rmw_implementation_cmake/cmake)
-- Found rmw_fastrtps_cpp: 6.2.8 (/opt/ros/humble/share/rmw_fastrtps_cpp/cmake)
-- Using RMW implementation 'rmw_fastrtps_cpp' as default
-- Found sd_msgs: 0.0.0 (/home/mcav/ros2_ws/src/SD-VehicleInterface/install/sd_msgs/share/sd_msgs/cmake)
-- Found can_msgs: 2.0.0 (/opt/ros/humble/share/can_msgs/cmake)
-- Found sensor_msgs: 4.9.0 (/opt/ros/humble/share/sensor_msgs/cmake)
-- Found autoware_control_msgs: 1.10.0 (/home/mcav/ros2_ws/install/autoware_control_msgs/share/autoware_control_msgs/cmake)
[31mCMake Error at CMakeLists.txt:19 (find_package):
  By not providing "Findtier4_vehicle_msgs.cmake" in CMAKE_MODULE_PATH this
  project has asked CMake to find a package configuration file provided by
  "tier4_vehicle_msgs", but CMake did not find one.

  Could not find a package configuration file provided by
  "tier4_vehicle_msgs" with any of the following names:

    tier4_vehicle_msgsConfig.cmake
    tier4_vehicle_msgs-config.cmake

  Add the installation prefix of "tier4_vehicle_msgs" to CMAKE_PREFIX_PATH or
  set "tier4_vehicle_msgs_DIR" to a directory containing one of the above
  files.  If "tier4_vehicle_msgs" provides a separate development package or
  SDK, be sure it has been installed.

[0m
-- Configuring incomplete, errors occurred!
See also "/home/mcav/ros2_ws/src/SD-VehicleInterface/build/sd_vehicle_interface/CMakeFiles/CMakeOutput.log".
gmake: *** [Makefile:321: cmake_check_build_system] Error 1
