[0.004s] Invoking command in '/home/mcav/ros2_ws/src/SD-VehicleInterface/build/sd_vehicle_interface': AMENT_PREFIX_PATH=/home/mcav/ros2_ws/src/SD-VehicleInterface/install/sd_msgs:${AMENT_PREFIX_PATH} CMAKE_PREFIX_PATH=/home/mcav/ros2_ws/src/SD-VehicleInterface/install/sd_msgs:/home/mcav/ros2_ws/install/sd_vehicle_interface:/home/mcav/ros2_ws/install/sd_msgs:/home/mcav/ros2_ws/install/autoware_control_msgs:/opt/ros/humble LD_LIBRARY_PATH=/home/mcav/ros2_ws/src/SD-VehicleInterface/install/sd_msgs/lib:${LD_LIBRARY_PATH} PYTHONPATH=/home/mcav/ros2_ws/src/SD-VehicleInterface/install/sd_msgs/local/lib/python3.10/dist-packages:${PYTHONPATH} /usr/bin/cmake --build /home/mcav/ros2_ws/src/SD-VehicleInterface/build/sd_vehicle_interface -- -j8 -l8
[0.015s] -- Found ament_cmake: 1.3.12 (/opt/ros/humble/share/ament_cmake/cmake)
[0.069s] -- Override CMake install command with custom implementation using symlinks instead of copying resources
[0.072s] -- Found rclcpp: 16.0.14 (/opt/ros/humble/share/rclcpp/cmake)
[0.083s] -- Found rosidl_generator_c: 3.1.7 (/opt/ros/humble/share/rosidl_generator_c/cmake)
[0.084s] -- Found rosidl_adapter: 3.1.7 (/opt/ros/humble/share/rosidl_adapter/cmake)
[0.087s] -- Found rosidl_generator_cpp: 3.1.7 (/opt/ros/humble/share/rosidl_generator_cpp/cmake)
[0.091s] -- Using all available rosidl_typesupport_c: rosidl_typesupport_fastrtps_c;rosidl_typesupport_introspection_c
[0.097s] -- Using all available rosidl_typesupport_cpp: rosidl_typesupport_fastrtps_cpp;rosidl_typesupport_introspection_cpp
[0.112s] -- Found rmw_implementation_cmake: 6.1.2 (/opt/ros/humble/share/rmw_implementation_cmake/cmake)
[0.113s] -- Found rmw_fastrtps_cpp: 6.2.8 (/opt/ros/humble/share/rmw_fastrtps_cpp/cmake)
[0.141s] -- Using RMW implementation 'rmw_fastrtps_cpp' as default
[0.165s] -- Found sd_msgs: 0.0.0 (/home/mcav/ros2_ws/src/SD-VehicleInterface/install/sd_msgs/share/sd_msgs/cmake)
[0.171s] -- Found can_msgs: 2.0.0 (/opt/ros/humble/share/can_msgs/cmake)
[0.178s] -- Found sensor_msgs: 4.9.0 (/opt/ros/humble/share/sensor_msgs/cmake)
[0.192s] -- Found autoware_control_msgs: 1.10.0 (/home/mcav/ros2_ws/install/autoware_control_msgs/share/autoware_control_msgs/cmake)
[0.199s] [31mCMake Error at CMakeLists.txt:19 (find_package):
[0.199s]   By not providing "Findautoware_vehicle_msgs.cmake" in CMAKE_MODULE_PATH
[0.199s]   this project has asked CMake to find a package configuration file provided
[0.199s]   by "autoware_vehicle_msgs", but CMake did not find one.
[0.199s] 
[0.199s]   Could not find a package configuration file provided by
[0.199s]   "autoware_vehicle_msgs" with any of the following names:
[0.199s] 
[0.199s]     autoware_vehicle_msgsConfig.cmake
[0.199s]     autoware_vehicle_msgs-config.cmake
[0.200s] 
[0.200s]   Add the installation prefix of "autoware_vehicle_msgs" to CMAKE_PREFIX_PATH
[0.200s]   or set "autoware_vehicle_msgs_DIR" to a directory containing one of the
[0.200s]   above files.  If "autoware_vehicle_msgs" provides a separate development
[0.200s]   package or SDK, be sure it has been installed.
[0.200s] 
[0.200s] [0m
[0.200s] -- Configuring incomplete, errors occurred!
[0.200s] See also "/home/mcav/ros2_ws/src/SD-VehicleInterface/build/sd_vehicle_interface/CMakeFiles/CMakeOutput.log".
[0.201s] gmake: *** [Makefile:321: cmake_check_build_system] Error 1
[0.202s] Invoked command in '/home/mcav/ros2_ws/src/SD-VehicleInterface/build/sd_vehicle_interface' returned '2': AMENT_PREFIX_PATH=/home/mcav/ros2_ws/src/SD-VehicleInterface/install/sd_msgs:${AMENT_PREFIX_PATH} CMAKE_PREFIX_PATH=/home/mcav/ros2_ws/src/SD-VehicleInterface/install/sd_msgs:/home/mcav/ros2_ws/install/sd_vehicle_interface:/home/mcav/ros2_ws/install/sd_msgs:/home/mcav/ros2_ws/install/autoware_control_msgs:/opt/ros/humble LD_LIBRARY_PATH=/home/mcav/ros2_ws/src/SD-VehicleInterface/install/sd_msgs/lib:${LD_LIBRARY_PATH} PYTHONPATH=/home/mcav/ros2_ws/src/SD-VehicleInterface/install/sd_msgs/local/lib/python3.10/dist-packages:${PYTHONPATH} /usr/bin/cmake --build /home/mcav/ros2_ws/src/SD-VehicleInterface/build/sd_vehicle_interface -- -j8 -l8
