[0.055s] DEBUG:colcon:Command line arguments: ['/usr/bin/colcon', 'build', '--packages-up-to', 'sd_vehicle_interface', '--symlink-install']
[0.055s] DEBUG:colcon:Parsed command line arguments: Namespace(log_base=None, log_level=None, verb_name='build', build_base='build', install_base='install', merge_install=False, symlink_install=True, test_result_base=None, continue_on_error=False, executor='parallel', parallel_workers=8, event_handlers=None, ignore_user_meta=False, metas=['./colcon.meta'], base_paths=['.'], packages_ignore=None, packages_ignore_regex=None, paths=None, packages_up_to=['sd_vehicle_interface'], packages_up_to_regex=None, packages_above=None, packages_above_and_dependencies=None, packages_above_depth=None, packages_select_by_dep=None, packages_skip_by_dep=None, packages_skip_up_to=None, packages_select_build_failed=False, packages_skip_build_finished=False, packages_select_test_failures=False, packages_skip_test_passed=False, packages_select=None, packages_skip=None, packages_select_regex=None, packages_skip_regex=None, packages_start=None, packages_end=None, allow_overriding=[], cmake_args=None, cmake_target=None, cmake_target_skip_unavailable=False, cmake_clean_cache=False, cmake_clean_first=False, cmake_force_configure=False, ament_cmake_args=None, catkin_cmake_args=None, catkin_skip_building_tests=False, verb_parser=<colcon_defaults.argument_parser.defaults.DefaultArgumentsDecorator object at 0xffffad690c70>, verb_extension=<colcon_core.verb.build.BuildVerb object at 0xffffad795fc0>, main=<bound method BuildVerb.main of <colcon_core.verb.build.BuildVerb object at 0xffffad795fc0>>)
[0.101s] Level 1:colcon.colcon_core.package_discovery:discover_packages(colcon_meta) check parameters
[0.101s] Level 1:colcon.colcon_core.package_discovery:discover_packages(recursive) check parameters
[0.101s] Level 1:colcon.colcon_core.package_discovery:discover_packages(ignore) check parameters
[0.101s] Level 1:colcon.colcon_core.package_discovery:discover_packages(path) check parameters
[0.101s] Level 1:colcon.colcon_core.package_discovery:discover_packages(colcon_meta) discover
[0.101s] Level 1:colcon.colcon_core.package_discovery:discover_packages(recursive) discover
[0.101s] INFO:colcon.colcon_core.package_discovery:Crawling recursively for packages in '/home/mcav/ros2_ws/src/SD-VehicleInterface'
[0.101s] Level 1:colcon.colcon_core.package_identification:_identify(.) by extensions ['ignore', 'ignore_ament_install']
[0.101s] Level 1:colcon.colcon_core.package_identification:_identify(.) by extension 'ignore'
[0.101s] Level 1:colcon.colcon_core.package_identification:_identify(.) by extension 'ignore_ament_install'
[0.101s] Level 1:colcon.colcon_core.package_identification:_identify(.) by extensions ['colcon_pkg']
[0.101s] Level 1:colcon.colcon_core.package_identification:_identify(.) by extension 'colcon_pkg'
[0.101s] Level 1:colcon.colcon_core.package_identification:_identify(.) by extensions ['colcon_meta']
[0.101s] Level 1:colcon.colcon_core.package_identification:_identify(.) by extension 'colcon_meta'
[0.101s] Level 1:colcon.colcon_core.package_identification:_identify(.) by extensions ['ros']
[0.101s] Level 1:colcon.colcon_core.package_identification:_identify(.) by extension 'ros'
[0.107s] Level 1:colcon.colcon_core.package_identification:_identify(.) by extensions ['cmake', 'python']
[0.107s] Level 1:colcon.colcon_core.package_identification:_identify(.) by extension 'cmake'
[0.107s] Level 1:colcon.colcon_core.package_identification:_identify(.) by extension 'python'
[0.107s] Level 1:colcon.colcon_core.package_identification:_identify(.) by extensions ['python_setup_py']
[0.107s] Level 1:colcon.colcon_core.package_identification:_identify(.) by extension 'python_setup_py'
[0.107s] Level 1:colcon.colcon_core.package_identification:_identify(build) by extensions ['ignore', 'ignore_ament_install']
[0.107s] Level 1:colcon.colcon_core.package_identification:_identify(build) by extension 'ignore'
[0.107s] Level 1:colcon.colcon_core.package_identification:_identify(build) ignored
[0.107s] Level 1:colcon.colcon_core.package_identification:_identify(docker) by extensions ['ignore', 'ignore_ament_install']
[0.107s] Level 1:colcon.colcon_core.package_identification:_identify(docker) by extension 'ignore'
[0.107s] Level 1:colcon.colcon_core.package_identification:_identify(docker) by extension 'ignore_ament_install'
[0.107s] Level 1:colcon.colcon_core.package_identification:_identify(docker) by extensions ['colcon_pkg']
[0.107s] Level 1:colcon.colcon_core.package_identification:_identify(docker) by extension 'colcon_pkg'
[0.107s] Level 1:colcon.colcon_core.package_identification:_identify(docker) by extensions ['colcon_meta']
[0.107s] Level 1:colcon.colcon_core.package_identification:_identify(docker) by extension 'colcon_meta'
[0.107s] Level 1:colcon.colcon_core.package_identification:_identify(docker) by extensions ['ros']
[0.107s] Level 1:colcon.colcon_core.package_identification:_identify(docker) by extension 'ros'
[0.107s] Level 1:colcon.colcon_core.package_identification:_identify(docker) by extensions ['cmake', 'python']
[0.107s] Level 1:colcon.colcon_core.package_identification:_identify(docker) by extension 'cmake'
[0.107s] Level 1:colcon.colcon_core.package_identification:_identify(docker) by extension 'python'
[0.108s] Level 1:colcon.colcon_core.package_identification:_identify(docker) by extensions ['python_setup_py']
[0.108s] Level 1:colcon.colcon_core.package_identification:_identify(docker) by extension 'python_setup_py'
[0.108s] Level 1:colcon.colcon_core.package_identification:_identify(install) by extensions ['ignore', 'ignore_ament_install']
[0.108s] Level 1:colcon.colcon_core.package_identification:_identify(install) by extension 'ignore'
[0.108s] Level 1:colcon.colcon_core.package_identification:_identify(install) ignored
[0.108s] Level 1:colcon.colcon_core.package_identification:_identify(log) by extensions ['ignore', 'ignore_ament_install']
[0.108s] Level 1:colcon.colcon_core.package_identification:_identify(log) by extension 'ignore'
[0.108s] Level 1:colcon.colcon_core.package_identification:_identify(log) ignored
[0.108s] Level 1:colcon.colcon_core.package_identification:_identify(sd_msgs) by extensions ['ignore', 'ignore_ament_install']
[0.108s] Level 1:colcon.colcon_core.package_identification:_identify(sd_msgs) by extension 'ignore'
[0.108s] Level 1:colcon.colcon_core.package_identification:_identify(sd_msgs) by extension 'ignore_ament_install'
[0.108s] Level 1:colcon.colcon_core.package_identification:_identify(sd_msgs) by extensions ['colcon_pkg']
[0.108s] Level 1:colcon.colcon_core.package_identification:_identify(sd_msgs) by extension 'colcon_pkg'
[0.108s] Level 1:colcon.colcon_core.package_identification:_identify(sd_msgs) by extensions ['colcon_meta']
[0.108s] Level 1:colcon.colcon_core.package_identification:_identify(sd_msgs) by extension 'colcon_meta'
[0.108s] Level 1:colcon.colcon_core.package_identification:_identify(sd_msgs) by extensions ['ros']
[0.108s] Level 1:colcon.colcon_core.package_identification:_identify(sd_msgs) by extension 'ros'
[0.111s] DEBUG:colcon.colcon_core.package_identification:Package 'sd_msgs' with type 'ros.ament_cmake' and name 'sd_msgs'
[0.111s] Level 1:colcon.colcon_core.package_identification:_identify(vehicle_interface) by extensions ['ignore', 'ignore_ament_install']
[0.111s] Level 1:colcon.colcon_core.package_identification:_identify(vehicle_interface) by extension 'ignore'
[0.111s] Level 1:colcon.colcon_core.package_identification:_identify(vehicle_interface) by extension 'ignore_ament_install'
[0.111s] Level 1:colcon.colcon_core.package_identification:_identify(vehicle_interface) by extensions ['colcon_pkg']
[0.111s] Level 1:colcon.colcon_core.package_identification:_identify(vehicle_interface) by extension 'colcon_pkg'
[0.111s] Level 1:colcon.colcon_core.package_identification:_identify(vehicle_interface) by extensions ['colcon_meta']
[0.111s] Level 1:colcon.colcon_core.package_identification:_identify(vehicle_interface) by extension 'colcon_meta'
[0.111s] Level 1:colcon.colcon_core.package_identification:_identify(vehicle_interface) by extensions ['ros']
[0.111s] Level 1:colcon.colcon_core.package_identification:_identify(vehicle_interface) by extension 'ros'
[0.111s] DEBUG:colcon.colcon_core.package_identification:Package 'vehicle_interface' with type 'ros.ament_cmake' and name 'sd_vehicle_interface'
[0.111s] Level 1:colcon.colcon_core.package_discovery:discover_packages(recursive) using defaults
[0.111s] Level 1:colcon.colcon_core.package_discovery:discover_packages(ignore) discover
[0.111s] Level 1:colcon.colcon_core.package_discovery:discover_packages(ignore) using defaults
[0.111s] Level 1:colcon.colcon_core.package_discovery:discover_packages(path) discover
[0.111s] Level 1:colcon.colcon_core.package_discovery:discover_packages(path) using defaults
[0.121s] Level 1:colcon.colcon_core.package_discovery:discover_packages(prefix_path) check parameters
[0.121s] Level 1:colcon.colcon_core.package_discovery:discover_packages(prefix_path) discover
[0.122s] DEBUG:colcon.colcon_installed_package_information.package_discovery:Found 3 installed packages in /home/mcav/ros2_ws/install
[0.123s] DEBUG:colcon.colcon_installed_package_information.package_discovery:Found 147 installed packages in /opt/ros/humble
[0.123s] Level 1:colcon.colcon_core.package_discovery:discover_packages(prefix_path) using defaults
[0.134s] Level 5:colcon.colcon_core.verb:set package 'sd_msgs' build argument 'cmake_args' from command line to 'None'
[0.134s] Level 5:colcon.colcon_core.verb:set package 'sd_msgs' build argument 'cmake_target' from command line to 'None'
[0.134s] Level 5:colcon.colcon_core.verb:set package 'sd_msgs' build argument 'cmake_target_skip_unavailable' from command line to 'False'
[0.134s] Level 5:colcon.colcon_core.verb:set package 'sd_msgs' build argument 'cmake_clean_cache' from command line to 'False'
[0.134s] Level 5:colcon.colcon_core.verb:set package 'sd_msgs' build argument 'cmake_clean_first' from command line to 'False'
[0.134s] Level 5:colcon.colcon_core.verb:set package 'sd_msgs' build argument 'cmake_force_configure' from command line to 'False'
[0.134s] Level 5:colcon.colcon_core.verb:set package 'sd_msgs' build argument 'ament_cmake_args' from command line to 'None'
[0.134s] Level 5:colcon.colcon_core.verb:set package 'sd_msgs' build argument 'catkin_cmake_args' from command line to 'None'
[0.134s] Level 5:colcon.colcon_core.verb:set package 'sd_msgs' build argument 'catkin_skip_building_tests' from command line to 'False'
[0.134s] DEBUG:colcon.colcon_core.verb:Building package 'sd_msgs' with the following arguments: {'ament_cmake_args': None, 'build_base': '/home/mcav/ros2_ws/src/SD-VehicleInterface/build/sd_msgs', 'catkin_cmake_args': None, 'catkin_skip_building_tests': False, 'cmake_args': None, 'cmake_clean_cache': False, 'cmake_clean_first': False, 'cmake_force_configure': False, 'cmake_target': None, 'cmake_target_skip_unavailable': False, 'install_base': '/home/mcav/ros2_ws/src/SD-VehicleInterface/install/sd_msgs', 'merge_install': False, 'path': '/home/mcav/ros2_ws/src/SD-VehicleInterface/sd_msgs', 'symlink_install': True, 'test_result_base': None}
[0.134s] Level 5:colcon.colcon_core.verb:set package 'sd_vehicle_interface' build argument 'cmake_args' from command line to 'None'
[0.134s] Level 5:colcon.colcon_core.verb:set package 'sd_vehicle_interface' build argument 'cmake_target' from command line to 'None'
[0.134s] Level 5:colcon.colcon_core.verb:set package 'sd_vehicle_interface' build argument 'cmake_target_skip_unavailable' from command line to 'False'
[0.134s] Level 5:colcon.colcon_core.verb:set package 'sd_vehicle_interface' build argument 'cmake_clean_cache' from command line to 'False'
[0.134s] Level 5:colcon.colcon_core.verb:set package 'sd_vehicle_interface' build argument 'cmake_clean_first' from command line to 'False'
[0.134s] Level 5:colcon.colcon_core.verb:set package 'sd_vehicle_interface' build argument 'cmake_force_configure' from command line to 'False'
[0.134s] Level 5:colcon.colcon_core.verb:set package 'sd_vehicle_interface' build argument 'ament_cmake_args' from command line to 'None'
[0.134s] Level 5:colcon.colcon_core.verb:set package 'sd_vehicle_interface' build argument 'catkin_cmake_args' from command line to 'None'
[0.134s] Level 5:colcon.colcon_core.verb:set package 'sd_vehicle_interface' build argument 'catkin_skip_building_tests' from command line to 'False'
[0.134s] DEBUG:colcon.colcon_core.verb:Building package 'sd_vehicle_interface' with the following arguments: {'ament_cmake_args': None, 'build_base': '/home/mcav/ros2_ws/src/SD-VehicleInterface/build/sd_vehicle_interface', 'catkin_cmake_args': None, 'catkin_skip_building_tests': False, 'cmake_args': None, 'cmake_clean_cache': False, 'cmake_clean_first': False, 'cmake_force_configure': False, 'cmake_target': None, 'cmake_target_skip_unavailable': False, 'install_base': '/home/mcav/ros2_ws/src/SD-VehicleInterface/install/sd_vehicle_interface', 'merge_install': False, 'path': '/home/mcav/ros2_ws/src/SD-VehicleInterface/vehicle_interface', 'symlink_install': True, 'test_result_base': None}
[0.134s] INFO:colcon.colcon_core.executor:Executing jobs using 'parallel' executor
[0.135s] DEBUG:colcon.colcon_parallel_executor.executor.parallel:run_until_complete
[0.135s] INFO:colcon.colcon_ros.task.ament_cmake.build:Building ROS package in '/home/mcav/ros2_ws/src/SD-VehicleInterface/sd_msgs' with build type 'ament_cmake'
[0.135s] INFO:colcon.colcon_cmake.task.cmake.build:Building CMake package in '/home/mcav/ros2_ws/src/SD-VehicleInterface/sd_msgs'
[0.136s] INFO:colcon.colcon_core.plugin_system:Skipping extension 'colcon_core.shell.bat': Not used on non-Windows systems
[0.136s] INFO:colcon.colcon_core.shell:Skip shell extension 'powershell' for command environment: Not usable outside of PowerShell
[0.136s] DEBUG:colcon.colcon_core.shell:Skip shell extension 'dsv' for command environment
[0.141s] DEBUG:colcon.colcon_core.event_handler.log_command:Invoking command in '/home/mcav/ros2_ws/src/SD-VehicleInterface/build/sd_msgs': CMAKE_PREFIX_PATH=${CMAKE_PREFIX_PATH}:/opt/ros/humble /usr/bin/cmake --build /home/mcav/ros2_ws/src/SD-VehicleInterface/build/sd_msgs -- -j8 -l8
[0.282s] DEBUG:colcon.colcon_core.event_handler.log_command:Invoked command in '/home/mcav/ros2_ws/src/SD-VehicleInterface/build/sd_msgs' returned '0': CMAKE_PREFIX_PATH=${CMAKE_PREFIX_PATH}:/opt/ros/humble /usr/bin/cmake --build /home/mcav/ros2_ws/src/SD-VehicleInterface/build/sd_msgs -- -j8 -l8
[0.286s] DEBUG:colcon.colcon_core.event_handler.log_command:Invoking command in '/home/mcav/ros2_ws/src/SD-VehicleInterface/build/sd_msgs': CMAKE_PREFIX_PATH=${CMAKE_PREFIX_PATH}:/opt/ros/humble /usr/bin/cmake --install /home/mcav/ros2_ws/src/SD-VehicleInterface/build/sd_msgs
[0.317s] Level 1:colcon.colcon_core.environment:create_environment_scripts_only(sd_msgs)
[0.318s] DEBUG:colcon.colcon_core.event_handler.log_command:Invoked command in '/home/mcav/ros2_ws/src/SD-VehicleInterface/build/sd_msgs' returned '0': CMAKE_PREFIX_PATH=${CMAKE_PREFIX_PATH}:/opt/ros/humble /usr/bin/cmake --install /home/mcav/ros2_ws/src/SD-VehicleInterface/build/sd_msgs
[0.318s] Level 1:colcon.colcon_core.environment:checking '/home/mcav/ros2_ws/src/SD-VehicleInterface/install/sd_msgs' for CMake module files
[0.319s] Level 1:colcon.colcon_core.environment:checking '/home/mcav/ros2_ws/src/SD-VehicleInterface/install/sd_msgs' for CMake config files
[0.319s] Level 1:colcon.colcon_core.shell:create_environment_hook('sd_msgs', 'cmake_prefix_path')
[0.319s] INFO:colcon.colcon_core.shell:Creating environment hook '/home/mcav/ros2_ws/src/SD-VehicleInterface/install/sd_msgs/share/sd_msgs/hook/cmake_prefix_path.ps1'
[0.319s] INFO:colcon.colcon_core.shell:Creating environment descriptor '/home/mcav/ros2_ws/src/SD-VehicleInterface/install/sd_msgs/share/sd_msgs/hook/cmake_prefix_path.dsv'
[0.320s] INFO:colcon.colcon_core.shell:Creating environment hook '/home/mcav/ros2_ws/src/SD-VehicleInterface/install/sd_msgs/share/sd_msgs/hook/cmake_prefix_path.sh'
[0.320s] Level 1:colcon.colcon_core.environment:checking '/home/mcav/ros2_ws/src/SD-VehicleInterface/install/sd_msgs/lib'
[0.320s] Level 1:colcon.colcon_core.shell:create_environment_hook('sd_msgs', 'ld_library_path_lib')
[0.320s] INFO:colcon.colcon_core.shell:Creating environment hook '/home/mcav/ros2_ws/src/SD-VehicleInterface/install/sd_msgs/share/sd_msgs/hook/ld_library_path_lib.ps1'
[0.320s] INFO:colcon.colcon_core.shell:Creating environment descriptor '/home/mcav/ros2_ws/src/SD-VehicleInterface/install/sd_msgs/share/sd_msgs/hook/ld_library_path_lib.dsv'
[0.320s] INFO:colcon.colcon_core.shell:Creating environment hook '/home/mcav/ros2_ws/src/SD-VehicleInterface/install/sd_msgs/share/sd_msgs/hook/ld_library_path_lib.sh'
[0.321s] Level 1:colcon.colcon_core.environment:checking '/home/mcav/ros2_ws/src/SD-VehicleInterface/install/sd_msgs/bin'
[0.321s] Level 1:colcon.colcon_core.environment:checking '/home/mcav/ros2_ws/src/SD-VehicleInterface/install/sd_msgs/lib/pkgconfig/sd_msgs.pc'
[0.321s] Level 1:colcon.colcon_core.environment:checking '/home/mcav/ros2_ws/src/SD-VehicleInterface/install/sd_msgs/lib/python3.10/site-packages'
[0.321s] Level 1:colcon.colcon_core.environment:checking '/home/mcav/ros2_ws/src/SD-VehicleInterface/install/sd_msgs/bin'
[0.321s] INFO:colcon.colcon_core.shell:Creating package script '/home/mcav/ros2_ws/src/SD-VehicleInterface/install/sd_msgs/share/sd_msgs/package.ps1'
[0.321s] INFO:colcon.colcon_core.shell:Creating package descriptor '/home/mcav/ros2_ws/src/SD-VehicleInterface/install/sd_msgs/share/sd_msgs/package.dsv'
[0.322s] INFO:colcon.colcon_core.shell:Creating package script '/home/mcav/ros2_ws/src/SD-VehicleInterface/install/sd_msgs/share/sd_msgs/package.sh'
[0.322s] INFO:colcon.colcon_core.shell:Creating package script '/home/mcav/ros2_ws/src/SD-VehicleInterface/install/sd_msgs/share/sd_msgs/package.bash'
[0.322s] INFO:colcon.colcon_core.shell:Creating package script '/home/mcav/ros2_ws/src/SD-VehicleInterface/install/sd_msgs/share/sd_msgs/package.zsh'
[0.322s] Level 1:colcon.colcon_core.environment:create_file_with_runtime_dependencies(/home/mcav/ros2_ws/src/SD-VehicleInterface/install/sd_msgs/share/colcon-core/packages/sd_msgs)
[0.323s] Level 1:colcon.colcon_core.environment:create_environment_scripts_only(sd_msgs)
[0.323s] Level 1:colcon.colcon_core.environment:checking '/home/mcav/ros2_ws/src/SD-VehicleInterface/install/sd_msgs' for CMake module files
[0.323s] Level 1:colcon.colcon_core.environment:checking '/home/mcav/ros2_ws/src/SD-VehicleInterface/install/sd_msgs' for CMake config files
[0.323s] Level 1:colcon.colcon_core.shell:create_environment_hook('sd_msgs', 'cmake_prefix_path')
[0.323s] INFO:colcon.colcon_core.shell:Creating environment hook '/home/mcav/ros2_ws/src/SD-VehicleInterface/install/sd_msgs/share/sd_msgs/hook/cmake_prefix_path.ps1'
[0.324s] INFO:colcon.colcon_core.shell:Creating environment descriptor '/home/mcav/ros2_ws/src/SD-VehicleInterface/install/sd_msgs/share/sd_msgs/hook/cmake_prefix_path.dsv'
[0.324s] INFO:colcon.colcon_core.shell:Creating environment hook '/home/mcav/ros2_ws/src/SD-VehicleInterface/install/sd_msgs/share/sd_msgs/hook/cmake_prefix_path.sh'
[0.324s] Level 1:colcon.colcon_core.environment:checking '/home/mcav/ros2_ws/src/SD-VehicleInterface/install/sd_msgs/lib'
[0.324s] Level 1:colcon.colcon_core.shell:create_environment_hook('sd_msgs', 'ld_library_path_lib')
[0.324s] INFO:colcon.colcon_core.shell:Creating environment hook '/home/mcav/ros2_ws/src/SD-VehicleInterface/install/sd_msgs/share/sd_msgs/hook/ld_library_path_lib.ps1'
[0.324s] INFO:colcon.colcon_core.shell:Creating environment descriptor '/home/mcav/ros2_ws/src/SD-VehicleInterface/install/sd_msgs/share/sd_msgs/hook/ld_library_path_lib.dsv'
[0.324s] INFO:colcon.colcon_core.shell:Creating environment hook '/home/mcav/ros2_ws/src/SD-VehicleInterface/install/sd_msgs/share/sd_msgs/hook/ld_library_path_lib.sh'
[0.324s] Level 1:colcon.colcon_core.environment:checking '/home/mcav/ros2_ws/src/SD-VehicleInterface/install/sd_msgs/bin'
[0.324s] Level 1:colcon.colcon_core.environment:checking '/home/mcav/ros2_ws/src/SD-VehicleInterface/install/sd_msgs/lib/pkgconfig/sd_msgs.pc'
[0.325s] Level 1:colcon.colcon_core.environment:checking '/home/mcav/ros2_ws/src/SD-VehicleInterface/install/sd_msgs/lib/python3.10/site-packages'
[0.325s] Level 1:colcon.colcon_core.environment:checking '/home/mcav/ros2_ws/src/SD-VehicleInterface/install/sd_msgs/bin'
[0.325s] INFO:colcon.colcon_core.shell:Creating package script '/home/mcav/ros2_ws/src/SD-VehicleInterface/install/sd_msgs/share/sd_msgs/package.ps1'
[0.325s] INFO:colcon.colcon_core.shell:Creating package descriptor '/home/mcav/ros2_ws/src/SD-VehicleInterface/install/sd_msgs/share/sd_msgs/package.dsv'
[0.325s] INFO:colcon.colcon_core.shell:Creating package script '/home/mcav/ros2_ws/src/SD-VehicleInterface/install/sd_msgs/share/sd_msgs/package.sh'
[0.325s] INFO:colcon.colcon_core.shell:Creating package script '/home/mcav/ros2_ws/src/SD-VehicleInterface/install/sd_msgs/share/sd_msgs/package.bash'
[0.326s] INFO:colcon.colcon_core.shell:Creating package script '/home/mcav/ros2_ws/src/SD-VehicleInterface/install/sd_msgs/share/sd_msgs/package.zsh'
[0.326s] Level 1:colcon.colcon_core.environment:create_file_with_runtime_dependencies(/home/mcav/ros2_ws/src/SD-VehicleInterface/install/sd_msgs/share/colcon-core/packages/sd_msgs)
[0.326s] INFO:colcon.colcon_ros.task.ament_cmake.build:Building ROS package in '/home/mcav/ros2_ws/src/SD-VehicleInterface/vehicle_interface' with build type 'ament_cmake'
[0.326s] INFO:colcon.colcon_cmake.task.cmake.build:Building CMake package in '/home/mcav/ros2_ws/src/SD-VehicleInterface/vehicle_interface'
[0.326s] INFO:colcon.colcon_core.shell:Skip shell extension 'powershell' for command environment: Not usable outside of PowerShell
[0.326s] DEBUG:colcon.colcon_core.shell:Skip shell extension 'dsv' for command environment
[0.330s] DEBUG:colcon.colcon_core.event_handler.log_command:Invoking command in '/home/mcav/ros2_ws/src/SD-VehicleInterface/build/sd_vehicle_interface': AMENT_PREFIX_PATH=/home/mcav/ros2_ws/src/SD-VehicleInterface/install/sd_msgs:${AMENT_PREFIX_PATH} CMAKE_PREFIX_PATH=/home/mcav/ros2_ws/src/SD-VehicleInterface/install/sd_msgs:/home/mcav/ros2_ws/install/sd_vehicle_interface:/home/mcav/ros2_ws/install/sd_msgs:/home/mcav/ros2_ws/install/autoware_control_msgs:/opt/ros/humble LD_LIBRARY_PATH=/home/mcav/ros2_ws/src/SD-VehicleInterface/install/sd_msgs/lib:${LD_LIBRARY_PATH} PYTHONPATH=/home/mcav/ros2_ws/src/SD-VehicleInterface/install/sd_msgs/local/lib/python3.10/dist-packages:${PYTHONPATH} /usr/bin/cmake --build /home/mcav/ros2_ws/src/SD-VehicleInterface/build/sd_vehicle_interface -- -j8 -l8
[0.570s] DEBUG:colcon.colcon_core.event_handler.log_command:Invoked command in '/home/mcav/ros2_ws/src/SD-VehicleInterface/build/sd_vehicle_interface' returned '2': AMENT_PREFIX_PATH=/home/mcav/ros2_ws/src/SD-VehicleInterface/install/sd_msgs:${AMENT_PREFIX_PATH} CMAKE_PREFIX_PATH=/home/mcav/ros2_ws/src/SD-VehicleInterface/install/sd_msgs:/home/mcav/ros2_ws/install/sd_vehicle_interface:/home/mcav/ros2_ws/install/sd_msgs:/home/mcav/ros2_ws/install/autoware_control_msgs:/opt/ros/humble LD_LIBRARY_PATH=/home/mcav/ros2_ws/src/SD-VehicleInterface/install/sd_msgs/lib:${LD_LIBRARY_PATH} PYTHONPATH=/home/mcav/ros2_ws/src/SD-VehicleInterface/install/sd_msgs/local/lib/python3.10/dist-packages:${PYTHONPATH} /usr/bin/cmake --build /home/mcav/ros2_ws/src/SD-VehicleInterface/build/sd_vehicle_interface -- -j8 -l8
[0.571s] Level 1:colcon.colcon_core.environment:create_environment_scripts_only(sd_vehicle_interface)
[0.571s] Level 1:colcon.colcon_core.environment:checking '/home/mcav/ros2_ws/src/SD-VehicleInterface/install/sd_vehicle_interface' for CMake module files
[0.571s] Level 1:colcon.colcon_core.environment:checking '/home/mcav/ros2_ws/src/SD-VehicleInterface/install/sd_vehicle_interface' for CMake config files
[0.571s] Level 1:colcon.colcon_core.environment:checking '/home/mcav/ros2_ws/src/SD-VehicleInterface/install/sd_vehicle_interface/bin'
[0.571s] Level 1:colcon.colcon_core.environment:checking '/home/mcav/ros2_ws/src/SD-VehicleInterface/install/sd_vehicle_interface/lib/pkgconfig/sd_vehicle_interface.pc'
[0.571s] Level 1:colcon.colcon_core.environment:checking '/home/mcav/ros2_ws/src/SD-VehicleInterface/install/sd_vehicle_interface/lib/python3.10/site-packages'
[0.571s] Level 1:colcon.colcon_core.environment:checking '/home/mcav/ros2_ws/src/SD-VehicleInterface/install/sd_vehicle_interface/bin'
[0.571s] INFO:colcon.colcon_core.shell:Creating package script '/home/mcav/ros2_ws/src/SD-VehicleInterface/install/sd_vehicle_interface/share/sd_vehicle_interface/package.ps1'
[0.572s] INFO:colcon.colcon_core.shell:Creating package descriptor '/home/mcav/ros2_ws/src/SD-VehicleInterface/install/sd_vehicle_interface/share/sd_vehicle_interface/package.dsv'
[0.572s] INFO:colcon.colcon_core.shell:Creating package script '/home/mcav/ros2_ws/src/SD-VehicleInterface/install/sd_vehicle_interface/share/sd_vehicle_interface/package.sh'
[0.572s] INFO:colcon.colcon_core.shell:Creating package script '/home/mcav/ros2_ws/src/SD-VehicleInterface/install/sd_vehicle_interface/share/sd_vehicle_interface/package.bash'
[0.572s] INFO:colcon.colcon_core.shell:Creating package script '/home/mcav/ros2_ws/src/SD-VehicleInterface/install/sd_vehicle_interface/share/sd_vehicle_interface/package.zsh'
[0.572s] Level 1:colcon.colcon_core.environment:create_file_with_runtime_dependencies(/home/mcav/ros2_ws/src/SD-VehicleInterface/install/sd_vehicle_interface/share/colcon-core/packages/sd_vehicle_interface)
[0.584s] DEBUG:colcon.colcon_parallel_executor.executor.parallel:closing loop
[0.584s] DEBUG:colcon.colcon_parallel_executor.executor.parallel:loop closed
[0.584s] DEBUG:colcon.colcon_parallel_executor.executor.parallel:run_until_complete finished with '2'
[0.584s] DEBUG:colcon.colcon_core.event_reactor:joining thread
[0.586s] INFO:colcon.colcon_core.plugin_system:Skipping extension 'colcon_notification.desktop_notification.notify_send': Could not find 'notify-send'
[0.586s] INFO:colcon.colcon_core.plugin_system:Skipping extension 'colcon_notification.desktop_notification.terminal_notifier': Not used on non-Darwin systems
[0.586s] INFO:colcon.colcon_core.plugin_system:Skipping extension 'colcon_notification.desktop_notification.win32': Not used on non-Windows systems
[0.586s] INFO:colcon.colcon_notification.desktop_notification:Sending desktop notification using 'notify2'
[0.586s] DEBUG:colcon.colcon_notification.desktop_notification.notify2:Failed to initialize notify2: org.freedesktop.DBus.Error.NotSupported: Unable to autolaunch a dbus-daemon without a $DISPLAY for X11
[0.586s] DEBUG:colcon.colcon_core.event_reactor:joined thread
[0.587s] INFO:colcon.colcon_core.shell:Creating prefix script '/home/mcav/ros2_ws/src/SD-VehicleInterface/install/local_setup.ps1'
[0.587s] INFO:colcon.colcon_core.shell:Creating prefix util module '/home/mcav/ros2_ws/src/SD-VehicleInterface/install/_local_setup_util_ps1.py'
[0.588s] INFO:colcon.colcon_core.shell:Creating prefix chain script '/home/mcav/ros2_ws/src/SD-VehicleInterface/install/setup.ps1'
[0.588s] INFO:colcon.colcon_core.shell:Creating prefix script '/home/mcav/ros2_ws/src/SD-VehicleInterface/install/local_setup.sh'
[0.589s] INFO:colcon.colcon_core.shell:Creating prefix util module '/home/mcav/ros2_ws/src/SD-VehicleInterface/install/_local_setup_util_sh.py'
[0.589s] INFO:colcon.colcon_core.shell:Creating prefix chain script '/home/mcav/ros2_ws/src/SD-VehicleInterface/install/setup.sh'
[0.589s] INFO:colcon.colcon_core.shell:Creating prefix script '/home/mcav/ros2_ws/src/SD-VehicleInterface/install/local_setup.bash'
[0.590s] INFO:colcon.colcon_core.shell:Creating prefix chain script '/home/mcav/ros2_ws/src/SD-VehicleInterface/install/setup.bash'
[0.590s] INFO:colcon.colcon_core.shell:Creating prefix script '/home/mcav/ros2_ws/src/SD-VehicleInterface/install/local_setup.zsh'
[0.590s] INFO:colcon.colcon_core.shell:Creating prefix chain script '/home/mcav/ros2_ws/src/SD-VehicleInterface/install/setup.zsh'
