[0.006s] Invoking command in '/home/mcav/ros2_ws/src/SD-VehicleInterface/build/sd_msgs': CMAKE_PREFIX_PATH=${CMAKE_PREFIX_PATH}:/opt/ros/humble /usr/bin/cmake --build /home/mcav/ros2_ws/src/SD-VehicleInterface/build/sd_msgs -- -j8 -l8
[0.028s] [  3%] Built target sd_msgs__cpp
[0.029s] [ 12%] Built target sd_msgs__rosidl_generator_c
[0.032s] [ 12%] Built target ament_cmake_python_symlink_sd_msgs
[0.042s] [ 22%] Built target sd_msgs__rosidl_typesupport_introspection_cpp
[0.042s] [ 32%] Built target sd_msgs__rosidl_typesupport_fastrtps_cpp
[0.042s] [ 41%] Built target sd_msgs__rosidl_typesupport_cpp
[0.042s] [ 51%] Built target sd_msgs__rosidl_typesupport_c
[0.043s] [ 61%] Built target sd_msgs__rosidl_typesupport_introspection_c
[0.044s] [ 70%] Built target sd_msgs__rosidl_typesupport_fastrtps_c
[0.051s] [ 70%] Built target sd_msgs
[0.059s] [ 74%] Built target sd_msgs__py
[0.067s] [ 80%] Built target sd_msgs__rosidl_generator_py
[0.077s] [ 87%] Built target sd_msgs__rosidl_typesupport_introspection_c__pyext
[0.077s] [100%] Built target sd_msgs__rosidl_typesupport_c__pyext
[0.077s] [ 96%] Built target sd_msgs__rosidl_typesupport_fastrtps_c__pyext
[0.115s] running egg_info
[0.115s] writing sd_msgs.egg-info/PKG-INFO
[0.115s] writing dependency_links to sd_msgs.egg-info/dependency_links.txt
[0.115s] writing top-level names to sd_msgs.egg-info/top_level.txt
[0.116s] reading manifest file 'sd_msgs.egg-info/SOURCES.txt'
[0.116s] writing manifest file 'sd_msgs.egg-info/SOURCES.txt'
[0.129s] [100%] Built target ament_cmake_python_build_sd_msgs_egg
[0.133s] Invoked command in '/home/mcav/ros2_ws/src/SD-VehicleInterface/build/sd_msgs' returned '0': CMAKE_PREFIX_PATH=${CMAKE_PREFIX_PATH}:/opt/ros/humble /usr/bin/cmake --build /home/mcav/ros2_ws/src/SD-VehicleInterface/build/sd_msgs -- -j8 -l8
[0.137s] Invoking command in '/home/mcav/ros2_ws/src/SD-VehicleInterface/build/sd_msgs': CMAKE_PREFIX_PATH=${CMAKE_PREFIX_PATH}:/opt/ros/humble /usr/bin/cmake --install /home/mcav/ros2_ws/src/SD-VehicleInterface/build/sd_msgs
[0.140s] -- Install configuration: ""
[0.140s] -- Execute custom install script
[0.140s] -- Up-to-date symlink: /home/mcav/ros2_ws/src/SD-VehicleInterface/install/sd_msgs/share/ament_index/resource_index/rosidl_interfaces/sd_msgs
[0.141s] -- Up-to-date symlink: /home/mcav/ros2_ws/src/SD-VehicleInterface/install/sd_msgs/include/sd_msgs/sd_msgs/msg/detail/sd_control__functions.h
[0.141s] -- Up-to-date symlink: /home/mcav/ros2_ws/src/SD-VehicleInterface/install/sd_msgs/include/sd_msgs/sd_msgs/msg/detail/sd_control__struct.h
[0.141s] -- Up-to-date symlink: /home/mcav/ros2_ws/src/SD-VehicleInterface/install/sd_msgs/include/sd_msgs/sd_msgs/msg/detail/sd_control__type_support.h
[0.141s] -- Up-to-date symlink: /home/mcav/ros2_ws/src/SD-VehicleInterface/install/sd_msgs/include/sd_msgs/sd_msgs/msg/rosidl_generator_c__visibility_control.h
[0.141s] -- Up-to-date symlink: /home/mcav/ros2_ws/src/SD-VehicleInterface/install/sd_msgs/include/sd_msgs/sd_msgs/msg/sd_control.h
[0.141s] -- Up-to-date symlink: /home/mcav/ros2_ws/src/SD-VehicleInterface/install/sd_msgs/share/sd_msgs/environment/library_path.sh
[0.141s] -- Up-to-date symlink: /home/mcav/ros2_ws/src/SD-VehicleInterface/install/sd_msgs/share/sd_msgs/environment/library_path.dsv
[0.141s] -- Up-to-date symlink: /home/mcav/ros2_ws/src/SD-VehicleInterface/install/sd_msgs/include/sd_msgs/sd_msgs/msg/detail/sd_control__rosidl_typesupport_fastrtps_c.h
[0.141s] -- Up-to-date symlink: /home/mcav/ros2_ws/src/SD-VehicleInterface/install/sd_msgs/include/sd_msgs/sd_msgs/msg/rosidl_typesupport_fastrtps_c__visibility_control.h
[0.141s] -- Up-to-date symlink: /home/mcav/ros2_ws/src/SD-VehicleInterface/install/sd_msgs/include/sd_msgs/sd_msgs/msg/detail/sd_control__rosidl_typesupport_introspection_c.h
[0.141s] -- Up-to-date symlink: /home/mcav/ros2_ws/src/SD-VehicleInterface/install/sd_msgs/include/sd_msgs/sd_msgs/msg/rosidl_typesupport_introspection_c__visibility_control.h
[0.142s] -- Up-to-date symlink: /home/mcav/ros2_ws/src/SD-VehicleInterface/install/sd_msgs/include/sd_msgs/sd_msgs/msg/detail/sd_control__builder.hpp
[0.142s] -- Up-to-date symlink: /home/mcav/ros2_ws/src/SD-VehicleInterface/install/sd_msgs/include/sd_msgs/sd_msgs/msg/detail/sd_control__struct.hpp
[0.142s] -- Up-to-date symlink: /home/mcav/ros2_ws/src/SD-VehicleInterface/install/sd_msgs/include/sd_msgs/sd_msgs/msg/detail/sd_control__traits.hpp
[0.142s] -- Up-to-date symlink: /home/mcav/ros2_ws/src/SD-VehicleInterface/install/sd_msgs/include/sd_msgs/sd_msgs/msg/detail/sd_control__type_support.hpp
[0.142s] -- Up-to-date symlink: /home/mcav/ros2_ws/src/SD-VehicleInterface/install/sd_msgs/include/sd_msgs/sd_msgs/msg/rosidl_generator_cpp__visibility_control.hpp
[0.142s] -- Up-to-date symlink: /home/mcav/ros2_ws/src/SD-VehicleInterface/install/sd_msgs/include/sd_msgs/sd_msgs/msg/sd_control.hpp
[0.142s] -- Up-to-date symlink: /home/mcav/ros2_ws/src/SD-VehicleInterface/install/sd_msgs/include/sd_msgs/sd_msgs/msg/detail/sd_control__rosidl_typesupport_fastrtps_cpp.hpp
[0.142s] -- Up-to-date symlink: /home/mcav/ros2_ws/src/SD-VehicleInterface/install/sd_msgs/include/sd_msgs/sd_msgs/msg/rosidl_typesupport_fastrtps_cpp__visibility_control.h
[0.142s] -- Up-to-date symlink: /home/mcav/ros2_ws/src/SD-VehicleInterface/install/sd_msgs/include/sd_msgs/sd_msgs/msg/detail/sd_control__rosidl_typesupport_introspection_cpp.hpp
[0.142s] -- Up-to-date symlink: /home/mcav/ros2_ws/src/SD-VehicleInterface/install/sd_msgs/share/sd_msgs/environment/pythonpath.sh
[0.142s] -- Up-to-date symlink: /home/mcav/ros2_ws/src/SD-VehicleInterface/install/sd_msgs/share/sd_msgs/environment/pythonpath.dsv
[0.143s] -- Up-to-date symlink: /home/mcav/ros2_ws/src/SD-VehicleInterface/install/sd_msgs/local/lib/python3.10/dist-packages/sd_msgs-0.0.0-py3.10.egg-info/PKG-INFO
[0.143s] -- Up-to-date symlink: /home/mcav/ros2_ws/src/SD-VehicleInterface/install/sd_msgs/local/lib/python3.10/dist-packages/sd_msgs-0.0.0-py3.10.egg-info/SOURCES.txt
[0.143s] -- Up-to-date symlink: /home/mcav/ros2_ws/src/SD-VehicleInterface/install/sd_msgs/local/lib/python3.10/dist-packages/sd_msgs-0.0.0-py3.10.egg-info/dependency_links.txt
[0.143s] -- Up-to-date symlink: /home/mcav/ros2_ws/src/SD-VehicleInterface/install/sd_msgs/local/lib/python3.10/dist-packages/sd_msgs-0.0.0-py3.10.egg-info/top_level.txt
[0.143s] -- Up-to-date symlink: /home/mcav/ros2_ws/src/SD-VehicleInterface/install/sd_msgs/local/lib/python3.10/dist-packages/sd_msgs/__init__.py
[0.143s] -- Up-to-date symlink: /home/mcav/ros2_ws/src/SD-VehicleInterface/install/sd_msgs/local/lib/python3.10/dist-packages/sd_msgs/_sd_msgs_s.ep.rosidl_typesupport_c.c
[0.143s] -- Up-to-date symlink: /home/mcav/ros2_ws/src/SD-VehicleInterface/install/sd_msgs/local/lib/python3.10/dist-packages/sd_msgs/_sd_msgs_s.ep.rosidl_typesupport_fastrtps_c.c
[0.143s] -- Up-to-date symlink: /home/mcav/ros2_ws/src/SD-VehicleInterface/install/sd_msgs/local/lib/python3.10/dist-packages/sd_msgs/_sd_msgs_s.ep.rosidl_typesupport_introspection_c.c
[0.143s] -- Up-to-date symlink: /home/mcav/ros2_ws/src/SD-VehicleInterface/install/sd_msgs/local/lib/python3.10/dist-packages/sd_msgs/libsd_msgs__rosidl_generator_py.so
[0.143s] -- Up-to-date symlink: /home/mcav/ros2_ws/src/SD-VehicleInterface/install/sd_msgs/local/lib/python3.10/dist-packages/sd_msgs/msg/__init__.py
[0.143s] -- Up-to-date symlink: /home/mcav/ros2_ws/src/SD-VehicleInterface/install/sd_msgs/local/lib/python3.10/dist-packages/sd_msgs/msg/_sd_control.py
[0.143s] -- Up-to-date symlink: /home/mcav/ros2_ws/src/SD-VehicleInterface/install/sd_msgs/local/lib/python3.10/dist-packages/sd_msgs/msg/_sd_control_s.c
[0.144s] -- Up-to-date symlink: /home/mcav/ros2_ws/src/SD-VehicleInterface/install/sd_msgs/local/lib/python3.10/dist-packages/sd_msgs/sd_msgs_s__rosidl_typesupport_c.cpython-310-aarch64-linux-gnu.so
[0.144s] -- Up-to-date symlink: /home/mcav/ros2_ws/src/SD-VehicleInterface/install/sd_msgs/local/lib/python3.10/dist-packages/sd_msgs/sd_msgs_s__rosidl_typesupport_fastrtps_c.cpython-310-aarch64-linux-gnu.so
[0.144s] -- Up-to-date symlink: /home/mcav/ros2_ws/src/SD-VehicleInterface/install/sd_msgs/local/lib/python3.10/dist-packages/sd_msgs/sd_msgs_s__rosidl_typesupport_introspection_c.cpython-310-aarch64-linux-gnu.so
[0.144s] -- Up-to-date symlink: /home/mcav/ros2_ws/src/SD-VehicleInterface/install/sd_msgs/local/lib/python3.10/dist-packages/sd_msgs/sd_msgs_s__rosidl_typesupport_fastrtps_c.cpython-310-aarch64-linux-gnu.so
[0.144s] -- Up-to-date symlink: /home/mcav/ros2_ws/src/SD-VehicleInterface/install/sd_msgs/local/lib/python3.10/dist-packages/sd_msgs/sd_msgs_s__rosidl_typesupport_introspection_c.cpython-310-aarch64-linux-gnu.so
[0.144s] -- Up-to-date symlink: /home/mcav/ros2_ws/src/SD-VehicleInterface/install/sd_msgs/local/lib/python3.10/dist-packages/sd_msgs/sd_msgs_s__rosidl_typesupport_c.cpython-310-aarch64-linux-gnu.so
[0.144s] -- Up-to-date symlink: /home/mcav/ros2_ws/src/SD-VehicleInterface/install/sd_msgs/share/sd_msgs/msg/SDControl.idl
[0.144s] -- Up-to-date symlink: /home/mcav/ros2_ws/src/SD-VehicleInterface/install/sd_msgs/share/sd_msgs/msg/SDControl.msg
[0.144s] -- Up-to-date symlink: /home/mcav/ros2_ws/src/SD-VehicleInterface/install/sd_msgs/share/ament_index/resource_index/package_run_dependencies/sd_msgs
[0.144s] -- Up-to-date symlink: /home/mcav/ros2_ws/src/SD-VehicleInterface/install/sd_msgs/share/ament_index/resource_index/parent_prefix_path/sd_msgs
[0.144s] -- Up-to-date symlink: /home/mcav/ros2_ws/src/SD-VehicleInterface/install/sd_msgs/share/sd_msgs/environment/ament_prefix_path.sh
[0.144s] -- Up-to-date symlink: /home/mcav/ros2_ws/src/SD-VehicleInterface/install/sd_msgs/share/sd_msgs/environment/ament_prefix_path.dsv
[0.145s] -- Up-to-date symlink: /home/mcav/ros2_ws/src/SD-VehicleInterface/install/sd_msgs/share/sd_msgs/environment/path.sh
[0.145s] -- Up-to-date symlink: /home/mcav/ros2_ws/src/SD-VehicleInterface/install/sd_msgs/share/sd_msgs/environment/path.dsv
[0.145s] -- Up-to-date symlink: /home/mcav/ros2_ws/src/SD-VehicleInterface/install/sd_msgs/share/sd_msgs/local_setup.bash
[0.145s] -- Up-to-date symlink: /home/mcav/ros2_ws/src/SD-VehicleInterface/install/sd_msgs/share/sd_msgs/local_setup.sh
[0.145s] -- Up-to-date symlink: /home/mcav/ros2_ws/src/SD-VehicleInterface/install/sd_msgs/share/sd_msgs/local_setup.zsh
[0.145s] -- Up-to-date symlink: /home/mcav/ros2_ws/src/SD-VehicleInterface/install/sd_msgs/share/sd_msgs/local_setup.dsv
[0.145s] -- Symlinking: /home/mcav/ros2_ws/src/SD-VehicleInterface/install/sd_msgs/share/sd_msgs/package.dsv
[0.148s] -- Up-to-date symlink: /home/mcav/ros2_ws/src/SD-VehicleInterface/install/sd_msgs/share/ament_index/resource_index/packages/sd_msgs
[0.148s] -- Up-to-date symlink: /home/mcav/ros2_ws/src/SD-VehicleInterface/install/sd_msgs/share/sd_msgs/cmake/rosidl_cmake-extras.cmake
[0.148s] -- Up-to-date symlink: /home/mcav/ros2_ws/src/SD-VehicleInterface/install/sd_msgs/share/sd_msgs/cmake/ament_cmake_export_dependencies-extras.cmake
[0.148s] -- Up-to-date symlink: /home/mcav/ros2_ws/src/SD-VehicleInterface/install/sd_msgs/share/sd_msgs/cmake/ament_cmake_export_include_directories-extras.cmake
[0.148s] -- Up-to-date symlink: /home/mcav/ros2_ws/src/SD-VehicleInterface/install/sd_msgs/share/sd_msgs/cmake/ament_cmake_export_libraries-extras.cmake
[0.148s] -- Up-to-date symlink: /home/mcav/ros2_ws/src/SD-VehicleInterface/install/sd_msgs/share/sd_msgs/cmake/ament_cmake_export_targets-extras.cmake
[0.149s] -- Up-to-date symlink: /home/mcav/ros2_ws/src/SD-VehicleInterface/install/sd_msgs/share/sd_msgs/cmake/rosidl_cmake_export_typesupport_targets-extras.cmake
[0.149s] -- Up-to-date symlink: /home/mcav/ros2_ws/src/SD-VehicleInterface/install/sd_msgs/share/sd_msgs/cmake/rosidl_cmake_export_typesupport_libraries-extras.cmake
[0.149s] -- Up-to-date symlink: /home/mcav/ros2_ws/src/SD-VehicleInterface/install/sd_msgs/share/sd_msgs/cmake/sd_msgsConfig.cmake
[0.149s] -- Up-to-date symlink: /home/mcav/ros2_ws/src/SD-VehicleInterface/install/sd_msgs/share/sd_msgs/cmake/sd_msgsConfig-version.cmake
[0.149s] -- Up-to-date symlink: /home/mcav/ros2_ws/src/SD-VehicleInterface/install/sd_msgs/share/sd_msgs/package.xml
[0.149s] -- Up-to-date: /home/mcav/ros2_ws/src/SD-VehicleInterface/install/sd_msgs/lib/libsd_msgs__rosidl_generator_c.so
[0.149s] -- Up-to-date: /home/mcav/ros2_ws/src/SD-VehicleInterface/install/sd_msgs/lib/libsd_msgs__rosidl_typesupport_fastrtps_c.so
[0.149s] -- Up-to-date: /home/mcav/ros2_ws/src/SD-VehicleInterface/install/sd_msgs/lib/libsd_msgs__rosidl_typesupport_introspection_c.so
[0.149s] -- Up-to-date: /home/mcav/ros2_ws/src/SD-VehicleInterface/install/sd_msgs/lib/libsd_msgs__rosidl_typesupport_c.so
[0.150s] -- Up-to-date: /home/mcav/ros2_ws/src/SD-VehicleInterface/install/sd_msgs/lib/libsd_msgs__rosidl_typesupport_fastrtps_cpp.so
[0.150s] -- Up-to-date: /home/mcav/ros2_ws/src/SD-VehicleInterface/install/sd_msgs/lib/libsd_msgs__rosidl_typesupport_introspection_cpp.so
[0.150s] -- Up-to-date: /home/mcav/ros2_ws/src/SD-VehicleInterface/install/sd_msgs/lib/libsd_msgs__rosidl_typesupport_cpp.so
[0.163s] Listing '/home/mcav/ros2_ws/src/SD-VehicleInterface/install/sd_msgs/local/lib/python3.10/dist-packages/sd_msgs'...
[0.163s] Listing '/home/mcav/ros2_ws/src/SD-VehicleInterface/install/sd_msgs/local/lib/python3.10/dist-packages/sd_msgs/msg'...
[0.165s] -- Up-to-date: /home/mcav/ros2_ws/src/SD-VehicleInterface/install/sd_msgs/lib/libsd_msgs__rosidl_generator_py.so
[0.165s] -- Up-to-date: /home/mcav/ros2_ws/src/SD-VehicleInterface/install/sd_msgs/share/sd_msgs/cmake/export_sd_msgs__rosidl_generator_cExport.cmake
[0.165s] -- Up-to-date: /home/mcav/ros2_ws/src/SD-VehicleInterface/install/sd_msgs/share/sd_msgs/cmake/export_sd_msgs__rosidl_generator_cExport-noconfig.cmake
[0.165s] -- Up-to-date: /home/mcav/ros2_ws/src/SD-VehicleInterface/install/sd_msgs/share/sd_msgs/cmake/export_sd_msgs__rosidl_typesupport_fastrtps_cExport.cmake
[0.165s] -- Up-to-date: /home/mcav/ros2_ws/src/SD-VehicleInterface/install/sd_msgs/share/sd_msgs/cmake/export_sd_msgs__rosidl_typesupport_fastrtps_cExport-noconfig.cmake
[0.165s] -- Up-to-date: /home/mcav/ros2_ws/src/SD-VehicleInterface/install/sd_msgs/share/sd_msgs/cmake/sd_msgs__rosidl_typesupport_introspection_cExport.cmake
[0.165s] -- Up-to-date: /home/mcav/ros2_ws/src/SD-VehicleInterface/install/sd_msgs/share/sd_msgs/cmake/sd_msgs__rosidl_typesupport_introspection_cExport-noconfig.cmake
[0.165s] -- Up-to-date: /home/mcav/ros2_ws/src/SD-VehicleInterface/install/sd_msgs/share/sd_msgs/cmake/sd_msgs__rosidl_typesupport_cExport.cmake
[0.166s] -- Up-to-date: /home/mcav/ros2_ws/src/SD-VehicleInterface/install/sd_msgs/share/sd_msgs/cmake/sd_msgs__rosidl_typesupport_cExport-noconfig.cmake
[0.166s] -- Up-to-date: /home/mcav/ros2_ws/src/SD-VehicleInterface/install/sd_msgs/share/sd_msgs/cmake/export_sd_msgs__rosidl_generator_cppExport.cmake
[0.166s] -- Up-to-date: /home/mcav/ros2_ws/src/SD-VehicleInterface/install/sd_msgs/share/sd_msgs/cmake/export_sd_msgs__rosidl_typesupport_fastrtps_cppExport.cmake
[0.166s] -- Up-to-date: /home/mcav/ros2_ws/src/SD-VehicleInterface/install/sd_msgs/share/sd_msgs/cmake/export_sd_msgs__rosidl_typesupport_fastrtps_cppExport-noconfig.cmake
[0.166s] -- Up-to-date: /home/mcav/ros2_ws/src/SD-VehicleInterface/install/sd_msgs/share/sd_msgs/cmake/sd_msgs__rosidl_typesupport_introspection_cppExport.cmake
[0.166s] -- Up-to-date: /home/mcav/ros2_ws/src/SD-VehicleInterface/install/sd_msgs/share/sd_msgs/cmake/sd_msgs__rosidl_typesupport_introspection_cppExport-noconfig.cmake
[0.166s] -- Up-to-date: /home/mcav/ros2_ws/src/SD-VehicleInterface/install/sd_msgs/share/sd_msgs/cmake/sd_msgs__rosidl_typesupport_cppExport.cmake
[0.166s] -- Up-to-date: /home/mcav/ros2_ws/src/SD-VehicleInterface/install/sd_msgs/share/sd_msgs/cmake/sd_msgs__rosidl_typesupport_cppExport-noconfig.cmake
[0.166s] -- Up-to-date: /home/mcav/ros2_ws/src/SD-VehicleInterface/install/sd_msgs/share/sd_msgs/cmake/export_sd_msgs__rosidl_generator_pyExport.cmake
[0.166s] -- Up-to-date: /home/mcav/ros2_ws/src/SD-VehicleInterface/install/sd_msgs/share/sd_msgs/cmake/export_sd_msgs__rosidl_generator_pyExport-noconfig.cmake
[0.167s] Invoked command in '/home/mcav/ros2_ws/src/SD-VehicleInterface/build/sd_msgs' returned '0': CMAKE_PREFIX_PATH=${CMAKE_PREFIX_PATH}:/opt/ros/humble /usr/bin/cmake --install /home/mcav/ros2_ws/src/SD-VehicleInterface/build/sd_msgs
